Archive member included to satisfy reference by file (symbol)

C:/ST/STM32CubeIDE_1.13.0/STM32CubeIDE/plugins/com.st.stm32cube.ide.mcu.externaltools.gnu-tools-for-stm32.11.3.rel1.win32_1.1.0.202305231506/tools/bin/../lib/gcc/arm-none-eabi/11.3.1/../../../../arm-none-eabi/lib/thumb/v7e-m+dp/hard\libc_nano.a(libc_a-calloc.o)
                              ./CANopenNode/CANopen.o (calloc)
C:/ST/STM32CubeIDE_1.13.0/STM32CubeIDE/plugins/com.st.stm32cube.ide.mcu.externaltools.gnu-tools-for-stm32.11.3.rel1.win32_1.1.0.202305231506/tools/bin/../lib/gcc/arm-none-eabi/11.3.1/../../../../arm-none-eabi/lib/thumb/v7e-m+dp/hard\libc_nano.a(libc_a-callocr.o)
                              C:/ST/STM32CubeIDE_1.13.0/STM32CubeIDE/plugins/com.st.stm32cube.ide.mcu.externaltools.gnu-tools-for-stm32.11.3.rel1.win32_1.1.0.202305231506/tools/bin/../lib/gcc/arm-none-eabi/11.3.1/../../../../arm-none-eabi/lib/thumb/v7e-m+dp/hard\libc_nano.a(libc_a-calloc.o) (_calloc_r)
C:/ST/STM32CubeIDE_1.13.0/STM32CubeIDE/plugins/com.st.stm32cube.ide.mcu.externaltools.gnu-tools-for-stm32.11.3.rel1.win32_1.1.0.202305231506/tools/bin/../lib/gcc/arm-none-eabi/11.3.1/../../../../arm-none-eabi/lib/thumb/v7e-m+dp/hard\libc_nano.a(libc_a-exit.o)
                              C:/ST/STM32CubeIDE_1.13.0/STM32CubeIDE/plugins/com.st.stm32cube.ide.mcu.externaltools.gnu-tools-for-stm32.11.3.rel1.win32_1.1.0.202305231506/tools/bin/../lib/gcc/arm-none-eabi/11.3.1/../../../../arm-none-eabi/lib/thumb/v7e-m+dp/hard/crt0.o (exit)
C:/ST/STM32CubeIDE_1.13.0/STM32CubeIDE/plugins/com.st.stm32cube.ide.mcu.externaltools.gnu-tools-for-stm32.11.3.rel1.win32_1.1.0.202305231506/tools/bin/../lib/gcc/arm-none-eabi/11.3.1/../../../../arm-none-eabi/lib/thumb/v7e-m+dp/hard\libc_nano.a(libc_a-malloc.o)
                              ./CANopenNode/CANopen.o (free)
C:/ST/STM32CubeIDE_1.13.0/STM32CubeIDE/plugins/com.st.stm32cube.ide.mcu.externaltools.gnu-tools-for-stm32.11.3.rel1.win32_1.1.0.202305231506/tools/bin/../lib/gcc/arm-none-eabi/11.3.1/../../../../arm-none-eabi/lib/thumb/v7e-m+dp/hard\libc_nano.a(libc_a-mallocr.o)
                              C:/ST/STM32CubeIDE_1.13.0/STM32CubeIDE/plugins/com.st.stm32cube.ide.mcu.externaltools.gnu-tools-for-stm32.11.3.rel1.win32_1.1.0.202305231506/tools/bin/../lib/gcc/arm-none-eabi/11.3.1/../../../../arm-none-eabi/lib/thumb/v7e-m+dp/hard\libc_nano.a(libc_a-callocr.o) (_malloc_r)
C:/ST/STM32CubeIDE_1.13.0/STM32CubeIDE/plugins/com.st.stm32cube.ide.mcu.externaltools.gnu-tools-for-stm32.11.3.rel1.win32_1.1.0.202305231506/tools/bin/../lib/gcc/arm-none-eabi/11.3.1/../../../../arm-none-eabi/lib/thumb/v7e-m+dp/hard\libc_nano.a(libc_a-mlock.o)
                              C:/ST/STM32CubeIDE_1.13.0/STM32CubeIDE/plugins/com.st.stm32cube.ide.mcu.externaltools.gnu-tools-for-stm32.11.3.rel1.win32_1.1.0.202305231506/tools/bin/../lib/gcc/arm-none-eabi/11.3.1/../../../../arm-none-eabi/lib/thumb/v7e-m+dp/hard\libc_nano.a(libc_a-mallocr.o) (__malloc_lock)
C:/ST/STM32CubeIDE_1.13.0/STM32CubeIDE/plugins/com.st.stm32cube.ide.mcu.externaltools.gnu-tools-for-stm32.11.3.rel1.win32_1.1.0.202305231506/tools/bin/../lib/gcc/arm-none-eabi/11.3.1/../../../../arm-none-eabi/lib/thumb/v7e-m+dp/hard\libc_nano.a(libc_a-fflush.o)
                              ./Core/CANopenNode_STM32/CO_app_STM32.o (fflush)
C:/ST/STM32CubeIDE_1.13.0/STM32CubeIDE/plugins/com.st.stm32cube.ide.mcu.externaltools.gnu-tools-for-stm32.11.3.rel1.win32_1.1.0.202305231506/tools/bin/../lib/gcc/arm-none-eabi/11.3.1/../../../../arm-none-eabi/lib/thumb/v7e-m+dp/hard\libc_nano.a(libc_a-findfp.o)
                              C:/ST/STM32CubeIDE_1.13.0/STM32CubeIDE/plugins/com.st.stm32cube.ide.mcu.externaltools.gnu-tools-for-stm32.11.3.rel1.win32_1.1.0.202305231506/tools/bin/../lib/gcc/arm-none-eabi/11.3.1/../../../../arm-none-eabi/lib/thumb/v7e-m+dp/hard\libc_nano.a(libc_a-fflush.o) (__sinit)
C:/ST/STM32CubeIDE_1.13.0/STM32CubeIDE/plugins/com.st.stm32cube.ide.mcu.externaltools.gnu-tools-for-stm32.11.3.rel1.win32_1.1.0.202305231506/tools/bin/../lib/gcc/arm-none-eabi/11.3.1/../../../../arm-none-eabi/lib/thumb/v7e-m+dp/hard\libc_nano.a(libc_a-fwalk.o)
                              C:/ST/STM32CubeIDE_1.13.0/STM32CubeIDE/plugins/com.st.stm32cube.ide.mcu.externaltools.gnu-tools-for-stm32.11.3.rel1.win32_1.1.0.202305231506/tools/bin/../lib/gcc/arm-none-eabi/11.3.1/../../../../arm-none-eabi/lib/thumb/v7e-m+dp/hard\libc_nano.a(libc_a-fflush.o) (_fwalk_sglue)
C:/ST/STM32CubeIDE_1.13.0/STM32CubeIDE/plugins/com.st.stm32cube.ide.mcu.externaltools.gnu-tools-for-stm32.11.3.rel1.win32_1.1.0.202305231506/tools/bin/../lib/gcc/arm-none-eabi/11.3.1/../../../../arm-none-eabi/lib/thumb/v7e-m+dp/hard\libc_nano.a(libc_a-printf.o)
                              ./Core/CANopenNode_STM32/CO_app_STM32.o (printf)
[...]
Memory Configuration

Name             Origin             Length             Attributes
RAM              0x0000000020000000 0x0000000000080000 xrw
FLASH            0x0000000008000000 0x0000000000200000 xr
*default*        0x0000000000000000 0xffffffffffffffff

Linker script and memory map

LOAD C:/ST/STM32CubeIDE_1.13.0/STM32CubeIDE/plugins/com.st.stm32cube.ide.mcu.externaltools.gnu-tools-for-stm32.11.3.rel1.win32_1.1.0.202305231506/tools/bin/../lib/gcc/arm-none-eabi/11.3.1/thumb/v7e-m+dp/hard/crti.o
LOAD C:/ST/STM32CubeIDE_1.13.0/STM32CubeIDE/plugins/com.st.stm32cube.ide.mcu.externaltools.gnu-tools-for-stm32.11.3.rel1.win32_1.1.0.202305231506/tools/bin/../lib/gcc/arm-none-eabi/11.3.1/thumb/v7e-m+dp/hard/crtbegin.o
LOAD C:/ST/STM32CubeIDE_1.13.0/STM32CubeIDE/plugins/com.st.stm32cube.ide.mcu.externaltools.gnu-tools-for-stm32.11.3.rel1.win32_1.1.0.202305231506/tools/bin/../lib/gcc/arm-none-eabi/11.3.1/../../../../arm-none-eabi/lib/thumb/v7e-m+dp/hard/crt0.o
LOAD ./CANopenNode/301/CO_Emergency.o
LOAD ./CANopenNode/301/CO_HBconsumer.o
LOAD ./CANopenNode/301/CO_NMT_Heartbeat.o
LOAD ./CANopenNode/301/CO_ODinterface.o
LOAD ./CANopenNode/301/CO_PDO.o
LOAD ./CANopenNode/301/CO_SDOclient.o
LOAD ./CANopenNode/301/CO_SDOserver.o
LOAD ./CANopenNode/301/CO_SYNC.o
LOAD ./CANopenNode/301/CO_TIME.o
LOAD ./CANopenNode/301/CO_fifo.o
LOAD ./CANopenNode/301/crc16-ccitt.o
LOAD ./CANopenNode/303/CO_LEDs.o
LOAD ./CANopenNode/304/CO_GFC.o
LOAD ./CANopenNode/304/CO_SRDO.o
LOAD ./CANopenNode/305/CO_LSSmaster.o
LOAD ./CANopenNode/305/CO_LSSslave.o
LOAD ./CANopenNode/309/CO_gateway_ascii.o
LOAD ./CANopenNode/CANopen.o
LOAD ./CANopenNode/extra/CO_trace.o
LOAD ./CANopenNode/storage/CO_storage.o
LOAD ./CANopenNode/storage/CO_storageEeprom.o
LOAD ./Core/CANopenNode_STM32/CO_app_STM32.o
LOAD ./Core/CANopenNode_STM32/CO_driver_STM32.o
LOAD ./Core/CANopenNode_STM32/CO_storageBlank.o
LOAD ./Core/CANopenNode_STM32/OD.o
LOAD ./Core/Src/main.o
LOAD ./Core/Src/stm32f7xx_hal_msp.o
LOAD ./Core/Src/stm32f7xx_it.o
LOAD ./Core/Src/syscalls.o
LOAD ./Core/Src/sysmem.o
LOAD ./Core/Src/system_stm32f7xx.o
LOAD ./Core/Startup/startup_stm32f767vitx.o
LOAD ./Drivers/STM32F7xx_HAL_Driver/Src/stm32f7xx_hal.o
LOAD ./Drivers/STM32F7xx_HAL_Driver/Src/stm32f7xx_hal_can.o
LOAD ./Drivers/STM32F7xx_HAL_Driver/Src/stm32f7xx_hal_cortex.o
LOAD ./Drivers/STM32F7xx_HAL_Driver/Src/stm32f7xx_hal_dma.o
LOAD ./Drivers/STM32F7xx_HAL_Driver/Src/stm32f7xx_hal_dma_ex.o
LOAD ./Drivers/STM32F7xx_HAL_Driver/Src/stm32f7xx_hal_exti.o
LOAD ./Drivers/STM32F7xx_HAL_Driver/Src/stm32f7xx_hal_flash.o
LOAD ./Drivers/STM32F7xx_HAL_Driver/Src/stm32f7xx_hal_flash_ex.o
LOAD ./Drivers/STM32F7xx_HAL_Driver/Src/stm32f7xx_hal_gpio.o
LOAD ./Drivers/STM32F7xx_HAL_Driver/Src/stm32f7xx_hal_i2c.o
LOAD ./Drivers/STM32F7xx_HAL_Driver/Src/stm32f7xx_hal_i2c_ex.o
LOAD ./Drivers/STM32F7xx_HAL_Driver/Src/stm32f7xx_hal_pwr.o
LOAD ./Drivers/STM32F7xx_HAL_Driver/Src/stm32f7xx_hal_pwr_ex.o
LOAD ./Drivers/STM32F7xx_HAL_Driver/Src/stm32f7xx_hal_rcc.o
LOAD ./Drivers/STM32F7xx_HAL_Driver/Src/stm32f7xx_hal_rcc_ex.o
LOAD ./Drivers/STM32F7xx_HAL_Driver/Src/stm32f7xx_hal_tim.o
LOAD ./Drivers/STM32F7xx_HAL_Driver/Src/stm32f7xx_hal_tim_ex.o
START GROUP
LOAD C:/ST/STM32CubeIDE_1.13.0/STM32CubeIDE/plugins/com.st.stm32cube.ide.mcu.externaltools.gnu-tools-for-stm32.11.3.rel1.win32_1.1.0.202305231506/tools/bin/../lib/gcc/arm-none-eabi/11.3.1/../../../../arm-none-eabi/lib/thumb/v7e-m+dp/hard\libc_nano.a
LOAD C:/ST/STM32CubeIDE_1.13.0/STM32CubeIDE/plugins/com.st.stm32cube.ide.mcu.externaltools.gnu-tools-for-stm32.11.3.rel1.win32_1.1.0.202305231506/tools/bin/../lib/gcc/arm-none-eabi/11.3.1/../../../../arm-none-eabi/lib/thumb/v7e-m+dp/hard\libm.a
END GROUP
START GROUP
LOAD C:/ST/STM32CubeIDE_1.13.0/STM32CubeIDE/plugins/com.st.stm32cube.ide.mcu.externaltools.gnu-tools-for-stm32.11.3.rel1.win32_1.1.0.202305231506/tools/bin/../lib/gcc/arm-none-eabi/11.3.1/thumb/v7e-m+dp/hard\libgcc.a
LOAD C:/ST/STM32CubeIDE_1.13.0/STM32CubeIDE/plugins/com.st.stm32cube.ide.mcu.externaltools.gnu-tools-for-stm32.11.3.rel1.win32_1.1.0.202305231506/tools/bin/../lib/gcc/arm-none-eabi/11.3.1/../../../../arm-none-eabi/lib/thumb/v7e-m+dp/hard\libg_nano.a
LOAD C:/ST/STM32CubeIDE_1.13.0/STM32CubeIDE/plugins/com.st.stm32cube.ide.mcu.externaltools.gnu-tools-for-stm32.11.3.rel1.win32_1.1.0.202305231506/tools/bin/../lib/gcc/arm-none-eabi/11.3.1/../../../../arm-none-eabi/lib/thumb/v7e-m+dp/hard\libc_nano.a
END GROUP
START GROUP
LOAD C:/ST/STM32CubeIDE_1.13.0/STM32CubeIDE/plugins/com.st.stm32cube.ide.mcu.externaltools.gnu-tools-for-stm32.11.3.rel1.win32_1.1.0.202305231506/tools/bin/../lib/gcc/arm-none-eabi/11.3.1/thumb/v7e-m+dp/hard\libgcc.a
LOAD C:/ST/STM32CubeIDE_1.13.0/STM32CubeIDE/plugins/com.st.stm32cube.ide.mcu.externaltools.gnu-tools-for-stm32.11.3.rel1.win32_1.1.0.202305231506/tools/bin/../lib/gcc/arm-none-eabi/11.3.1/../../../../arm-none-eabi/lib/thumb/v7e-m+dp/hard\libc_nano.a
LOAD C:/ST/STM32CubeIDE_1.13.0/STM32CubeIDE/plugins/com.st.stm32cube.ide.mcu.externaltools.gnu-tools-for-stm32.11.3.rel1.win32_1.1.0.202305231506/tools/bin/../lib/gcc/arm-none-eabi/11.3.1/../../../../arm-none-eabi/lib/thumb/v7e-m+dp/hard\libnosys.a
END GROUP
START GROUP
LOAD C:/ST/STM32CubeIDE_1.13.0/STM32CubeIDE/plugins/com.st.stm32cube.ide.mcu.externaltools.gnu-tools-for-stm32.11.3.rel1.win32_1.1.0.202305231506/tools/bin/../lib/gcc/arm-none-eabi/11.3.1/thumb/v7e-m+dp/hard\libgcc.a
LOAD C:/ST/STM32CubeIDE_1.13.0/STM32CubeIDE/plugins/com.st.stm32cube.ide.mcu.externaltools.gnu-tools-for-stm32.11.3.rel1.win32_1.1.0.202305231506/tools/bin/../lib/gcc/arm-none-eabi/11.3.1/../../../../arm-none-eabi/lib/thumb/v7e-m+dp/hard\libc_nano.a
LOAD C:/ST/STM32CubeIDE_1.13.0/STM32CubeIDE/plugins/com.st.stm32cube.ide.mcu.externaltools.gnu-tools-for-stm32.11.3.rel1.win32_1.1.0.202305231506/tools/bin/../lib/gcc/arm-none-eabi/11.3.1/../../../../arm-none-eabi/lib/thumb/v7e-m+dp/hard\libnosys.a
END GROUP
LOAD C:/ST/STM32CubeIDE_1.13.0/STM32CubeIDE/plugins/com.st.stm32cube.ide.mcu.externaltools.gnu-tools-for-stm32.11.3.rel1.win32_1.1.0.202305231506/tools/bin/../lib/gcc/arm-none-eabi/11.3.1/thumb/v7e-m+dp/hard/crtend.o
LOAD C:/ST/STM32CubeIDE_1.13.0/STM32CubeIDE/plugins/com.st.stm32cube.ide.mcu.externaltools.gnu-tools-for-stm32.11.3.rel1.win32_1.1.0.202305231506/tools/bin/../lib/gcc/arm-none-eabi/11.3.1/thumb/v7e-m+dp/hard/crtn.o
                0x0000000020080000                _estack = (ORIGIN (RAM) + LENGTH (RAM))
                0x0000000000000200                _Min_Heap_Size = 0x200
                0x0000000000000400                _Min_Stack_Size = 0x400

.isr_vector     0x0000000008000000      0x1f8
                0x0000000008000000                . = ALIGN (0x4)
 *(.isr_vector)
 .isr_vector    0x0000000008000000      0x1f8 ./Core/Startup/startup_stm32f767vitx.o
                0x0000000008000000                g_pfnVectors
                0x00000000080001f8                . = ALIGN (0x4)

.text           0x0000000008000200     0xd230
                0x0000000008000200                . = ALIGN (0x4)
 *(.text)
 .text          0x0000000008000200       0x40 C:/ST/STM32CubeIDE_1.13.0/STM32CubeIDE/plugins/com.st.stm32cube.ide.mcu.externaltools.gnu-tools-for-stm32.11.3.rel1.win32_1.1.0.202305231506/tools/bin/../lib/gcc/arm-none-eabi/11.3.1/thumb/v7e-m+dp/hard/crtbegin.o
 .text          0x0000000008000240       0x10 C:/ST/STM32CubeIDE_1.13.0/STM32CubeIDE/plugins/com.st.stm32cube.ide.mcu.externaltools.gnu-tools-for-stm32.11.3.rel1.win32_1.1.0.202305231506/tools/bin/../lib/gcc/arm-none-eabi/11.3.1/../../../../arm-none-eabi/lib/thumb/v7e-m+dp/hard\libc_nano.a(libc_a-strlen.o)
                0x0000000008000240                strlen
 .text          0x0000000008000250       0xa0 C:/ST/STM32CubeIDE_1.13.0/STM32CubeIDE/plugins/com.st.stm32cube.ide.mcu.externaltools.gnu-tools-for-stm32.11.3.rel1.win32_1.1.0.202305231506/tools/bin/../lib/gcc/arm-none-eabi/11.3.1/../../../../arm-none-eabi/lib/thumb/v7e-m+dp/hard\libc_nano.a(libc_a-memchr.o)
                0x0000000008000250                memchr
 .text          0x00000000080002f0       0x30 C:/ST/STM32CubeIDE_1.13.0/STM32CubeIDE/plugins/com.st.stm32cube.ide.mcu.externaltools.gnu-tools-for-stm32.11.3.rel1.win32_1.1.0.202305231506/tools/bin/../lib/gcc/arm-none-eabi/11.3.1/thumb/v7e-m+dp/hard\libgcc.a(_aeabi_uldivmod.o)
                0x00000000080002f0                __aeabi_uldivmod
 .text          0x0000000008000320      0x2c8 C:/ST/STM32CubeIDE_1.13.0/STM32CubeIDE/plugins/com.st.stm32cube.ide.mcu.externaltools.gnu-tools-for-stm32.11.3.rel1.win32_1.1.0.202305231506/tools/bin/../lib/gcc/arm-none-eabi/11.3.1/thumb/v7e-m+dp/hard\libgcc.a(_udivmoddi4.o)
                0x0000000008000320                __udivmoddi4
 .text          0x00000000080005e8        0x4 C:/ST/STM32CubeIDE_1.13.0/STM32CubeIDE/plugins/com.st.stm32cube.ide.mcu.externaltools.gnu-tools-for-stm32.11.3.rel1.win32_1.1.0.202305231506/tools/bin/../lib/gcc/arm-none-eabi/11.3.1/thumb/v7e-m+dp/hard\libgcc.a(_dvmd_tls.o)
                0x00000000080005e8                __aeabi_idiv0
                0x00000000080005e8                __aeabi_ldiv0
 *(.text*)
 .text.CO_getUint8
                0x00000000080005ec       0x1c ./CANopenNode/301/CO_Emergency.o
 .text.CO_setUint8
                0x0000000008000608       0x20 ./CANopenNode/301/CO_Emergency.o
 .text.CO_setUint32
                0x0000000008000628       0x1e ./CANopenNode/301/CO_Emergency.o
 .text.OD_getIndex
                0x0000000008000646       0x22 ./CANopenNode/301/CO_Emergency.o
 .text.OD_extension_init
                0x0000000008000668       0x28 ./CANopenNode/301/CO_Emergency.o
 .text.OD_get_u32
                0x0000000008000690       0x2a ./CANopenNode/301/CO_Emergency.o
 .text.OD_read_1014_default
                0x00000000080006ba       0x72 ./CANopenNode/301/CO_Emergency.o
 .text.OD_read_1003
                0x000000000800072c       0xdc ./CANopenNode/301/CO_Emergency.o
 .text.OD_write_1003
                0x0000000008000808       0x60 ./CANopenNode/301/CO_Emergency.o
 .text.CO_EM_init
                0x0000000008000868      0x1c0 ./CANopenNode/301/CO_Emergency.o
                0x0000000008000868                CO_EM_init
 .text.CO_EM_process
                0x0000000008000a28      0x294 ./CANopenNode/301/CO_Emergency.o
                0x0000000008000a28                CO_EM_process
 .text.CO_error
                0x0000000008000cbc      0x17a ./CANopenNode/301/CO_Emergency.o
                0x0000000008000cbc                CO_error
 .text.CO_getUint32
                0x0000000008000e36       0x1c ./CANopenNode/301/CO_HBconsumer.o
 .text.OD_getIndex
                0x0000000008000e52       0x22 ./CANopenNode/301/CO_HBconsumer.o
 .text.OD_extension_init
                0x0000000008000e74       0x28 ./CANopenNode/301/CO_HBconsumer.o
 .text.OD_get_u32
                0x0000000008000e9c       0x2a ./CANopenNode/301/CO_HBconsumer.o
 .text.CO_HBcons_receive
                0x0000000008000ec6       0x3c ./CANopenNode/301/CO_HBconsumer.o
 .text.OD_write_1016
                0x0000000008000f02       0x8e ./CANopenNode/301/CO_HBconsumer.o
 .text.CO_HBconsumer_init
                0x0000000008000f90      0x158 ./CANopenNode/301/CO_HBconsumer.o
                0x0000000008000f90                CO_HBconsumer_init
 .text.CO_HBconsumer_initEntry
                0x00000000080010e8      0x130 ./CANopenNode/301/CO_HBconsumer.o
 .text.CO_HBconsumer_process
                0x0000000008001218      0x1d4 ./CANopenNode/301/CO_HBconsumer.o
                0x0000000008001218                CO_HBconsumer_process
 .text.CO_getUint16
                0x00000000080013ec       0x1e ./CANopenNode/301/CO_NMT_Heartbeat.o
 .text.OD_getIndex
                0x000000000800140a       0x22 ./CANopenNode/301/CO_NMT_Heartbeat.o
 .text.OD_extension_init
                0x000000000800142c       0x28 ./CANopenNode/301/CO_NMT_Heartbeat.o
 .text.OD_get_u16
                0x0000000008001454       0x2a ./CANopenNode/301/CO_NMT_Heartbeat.o
 .text.CO_isError
                0x000000000800147e       0x4e ./CANopenNode/301/CO_NMT_Heartbeat.o
 .text.CO_getErrorRegister
                0x00000000080014cc       0x2c ./CANopenNode/301/CO_NMT_Heartbeat.o
 .text.CO_NMT_receive
                0x00000000080014f8       0x4e ./CANopenNode/301/CO_NMT_Heartbeat.o
 .text.OD_write_1017
                0x0000000008001546       0x6a ./CANopenNode/301/CO_NMT_Heartbeat.o
 .text.CO_NMT_init
                0x00000000080015b0      0x1b4 ./CANopenNode/301/CO_NMT_Heartbeat.o
                0x00000000080015b0                CO_NMT_init
 .text.CO_NMT_process
                0x0000000008001764      0x1dc ./CANopenNode/301/CO_NMT_Heartbeat.o
                0x0000000008001764                CO_NMT_process
 .text.CO_NMT_sendCommand
                0x0000000008001940       0x5c ./CANopenNode/301/CO_NMT_Heartbeat.o
                0x0000000008001940                CO_NMT_sendCommand
 .text.OD_readOriginal
                0x000000000800199c       0xb0 ./CANopenNode/301/CO_ODinterface.o
                0x000000000800199c                OD_readOriginal
 .text.OD_writeOriginal
                0x0000000008001a4c       0xbc ./CANopenNode/301/CO_ODinterface.o
                0x0000000008001a4c                OD_writeOriginal
 .text.OD_readDisabled
                0x0000000008001b08       0x1c ./CANopenNode/301/CO_ODinterface.o
 .text.OD_writeDisabled
                0x0000000008001b24       0x1c ./CANopenNode/301/CO_ODinterface.o
 .text.OD_find  0x0000000008001b40       0xb8 ./CANopenNode/301/CO_ODinterface.o
                0x0000000008001b40                OD_find
 .text.OD_getSub
                0x0000000008001bf8      0x1e4 ./CANopenNode/301/CO_ODinterface.o
                0x0000000008001bf8                OD_getSub
 .text.OD_getSDOabCode
                0x0000000008001ddc       0x3c ./CANopenNode/301/CO_ODinterface.o
                0x0000000008001ddc                OD_getSDOabCode
 .text.OD_get_value
                0x0000000008001e18       0x6c ./CANopenNode/301/CO_ODinterface.o
                0x0000000008001e18                OD_get_value
 .text.OD_set_value
                0x0000000008001e84       0x62 ./CANopenNode/301/CO_ODinterface.o
                0x0000000008001e84                OD_set_value
 .text.OD_getPtr
                0x0000000008001ee6       0x86 ./CANopenNode/301/CO_ODinterface.o
                0x0000000008001ee6                OD_getPtr
 .text.CO_getUint8
                0x0000000008001f6c       0x1c ./CANopenNode/301/CO_PDO.o
 .text.CO_getUint16
                0x0000000008001f88       0x1e ./CANopenNode/301/CO_PDO.o
 .text.CO_getUint32
                0x0000000008001fa6       0x1c ./CANopenNode/301/CO_PDO.o
 .text.CO_setUint32
                0x0000000008001fc2       0x1e ./CANopenNode/301/CO_PDO.o
 .text.OD_getIndex
                0x0000000008001fe0       0x22 ./CANopenNode/301/CO_PDO.o
 .text.OD_extension_init
                0x0000000008002002       0x28 ./CANopenNode/301/CO_PDO.o
 .text.OD_get_u8
                0x000000000800202a       0x2a ./CANopenNode/301/CO_PDO.o
 .text.OD_get_u16
                0x0000000008002054       0x2a ./CANopenNode/301/CO_PDO.o
 .text.OD_get_u32
                0x000000000800207e       0x2a ./CANopenNode/301/CO_PDO.o
 .text.OD_write_dummy
                0x00000000080020a8       0x28 ./CANopenNode/301/CO_PDO.o
 .text.OD_read_dummy
                0x00000000080020d0       0x4e ./CANopenNode/301/CO_PDO.o
 *fill*         0x000000000800211e        0x2 
 .text.PDOconfigMap
                0x0000000008002120      0x180 ./CANopenNode/301/CO_PDO.o
 .text.PDO_initMapping
                0x00000000080022a0      0x15a ./CANopenNode/301/CO_PDO.o
 .text.OD_write_PDO_mapping
                0x00000000080023fa      0x142 ./CANopenNode/301/CO_PDO.o
 .text.OD_read_PDO_commParam
                0x000000000800253c       0xa0 ./CANopenNode/301/CO_PDO.o
 .text.CO_RPDO_process
                0x00000000080025dc      0x292 ./CANopenNode/301/CO_PDO.o
                0x00000000080025dc                CO_RPDO_process
 *fill*         0x000000000800286e        0x2 
 .text.OD_write_18xx
                0x0000000008002870      0x2a4 ./CANopenNode/301/CO_PDO.o
 .text.CO_TPDO_init
                0x0000000008002b14      0x2f4 ./CANopenNode/301/CO_PDO.o
                0x0000000008002b14                CO_TPDO_init
 .text.CO_TPDOsend
                0x0000000008002e08      0x148 ./CANopenNode/301/CO_PDO.o
 .text.CO_TPDO_process
                0x0000000008002f50      0x24e ./CANopenNode/301/CO_PDO.o
                0x0000000008002f50                CO_TPDO_process
 .text.OD_getIndex
                0x000000000800319e       0x22 ./CANopenNode/301/CO_SDOclient.o
 .text.OD_get_u8
                0x00000000080031c0       0x2a ./CANopenNode/301/CO_SDOclient.o
 .text.OD_get_u32
                0x00000000080031ea       0x2a ./CANopenNode/301/CO_SDOclient.o
 .text.CO_fifo_reset
                0x0000000008003214       0x28 ./CANopenNode/301/CO_SDOclient.o
 .text.CO_fifo_getOccupied
                0x000000000800323c       0x36 ./CANopenNode/301/CO_SDOclient.o
 .text.CO_SDOclient_receive
                0x0000000008003272       0x58 ./CANopenNode/301/CO_SDOclient.o
 .text.CO_SDOclient_init
                0x00000000080032ca      0x122 ./CANopenNode/301/CO_SDOclient.o
                0x00000000080032ca                CO_SDOclient_init
 .text.CO_SDOclient_setup
                0x00000000080033ec       0xe8 ./CANopenNode/301/CO_SDOclient.o
                0x00000000080033ec                CO_SDOclient_setup
 .text.CO_SDOclientDownloadInitiate
                0x00000000080034d4       0x7a ./CANopenNode/301/CO_SDOclient.o
                0x00000000080034d4                CO_SDOclientDownloadInitiate
 .text.CO_SDOclientDownloadBufWrite
                0x000000000800354e       0x38 ./CANopenNode/301/CO_SDOclient.o
                0x000000000800354e                CO_SDOclientDownloadBufWrite
 *fill*         0x0000000008003586        0x2 
 .text.CO_SDOclientDownload
                0x0000000008003588      0x528 ./CANopenNode/301/CO_SDOclient.o
                0x0000000008003588                CO_SDOclientDownload
 .text.CO_getUint8
                0x0000000008003ab0       0x1c ./CANopenNode/301/CO_SDOserver.o
 .text.CO_getUint32
                0x0000000008003acc       0x1c ./CANopenNode/301/CO_SDOserver.o
 .text.OD_getIndex
                0x0000000008003ae8       0x22 ./CANopenNode/301/CO_SDOserver.o
 .text.OD_mappable
                0x0000000008003b0a       0x2c ./CANopenNode/301/CO_SDOserver.o
 .text.OD_extension_init
                0x0000000008003b36       0x28 ./CANopenNode/301/CO_SDOserver.o
 .text.OD_get_u8
                0x0000000008003b5e       0x2a ./CANopenNode/301/CO_SDOserver.o
 .text.OD_get_u32
                0x0000000008003b88       0x2a ./CANopenNode/301/CO_SDOserver.o
 .text.OD_set_u32
                0x0000000008003bb2       0x2a ./CANopenNode/301/CO_SDOserver.o
 .text.CO_SDO_receive
                0x0000000008003bdc       0x54 ./CANopenNode/301/CO_SDOserver.o
 .text.CO_SDOserver_init_canRxTx
                0x0000000008003c30       0xd8 ./CANopenNode/301/CO_SDOserver.o
 .text.OD_write_1201_additional
                0x0000000008003d08      0x224 ./CANopenNode/301/CO_SDOserver.o
 .text.CO_SDOserver_init
                0x0000000008003f2c      0x228 ./CANopenNode/301/CO_SDOserver.o
                0x0000000008003f2c                CO_SDOserver_init
 .text.validateAndWriteToOD
                0x0000000008004154      0x22c ./CANopenNode/301/CO_SDOserver.o
 .text.readFromOd
                0x0000000008004380      0x198 ./CANopenNode/301/CO_SDOserver.o
 .text.CO_SDOserver_process
                0x0000000008004518      0xa44 ./CANopenNode/301/CO_SDOserver.o
                0x0000000008004518                CO_SDOserver_process
 .text.CO_getUint8
                0x0000000008004f5c       0x1c ./CANopenNode/301/CO_SYNC.o
 .text.CO_getUint32
                0x0000000008004f78       0x1c ./CANopenNode/301/CO_SYNC.o
 .text.OD_getIndex
                0x0000000008004f94       0x22 ./CANopenNode/301/CO_SYNC.o
 .text.OD_extension_init
                0x0000000008004fb6       0x28 ./CANopenNode/301/CO_SYNC.o
 .text.OD_get_u8
                0x0000000008004fde       0x2a ./CANopenNode/301/CO_SYNC.o
 .text.OD_get_u32
                0x0000000008005008       0x2a ./CANopenNode/301/CO_SYNC.o
 .text.CO_SYNCsend
                0x0000000008005032       0x64 ./CANopenNode/301/CO_SYNC.o
 .text.CO_SYNC_receive
                0x0000000008005096       0x8c ./CANopenNode/301/CO_SYNC.o
 *fill*         0x0000000008005122        0x2 
 .text.OD_write_1005
                0x0000000008005124      0x18c ./CANopenNode/301/CO_SYNC.o
 .text.OD_write_1019
                0x00000000080052b0       0xbe ./CANopenNode/301/CO_SYNC.o
 *fill*         0x000000000800536e        0x2 
 .text.CO_SYNC_init
                0x0000000008005370      0x250 ./CANopenNode/301/CO_SYNC.o
                0x0000000008005370                CO_SYNC_init
 .text.CO_SYNC_process
                0x00000000080055c0      0x1c0 ./CANopenNode/301/CO_SYNC.o
                0x00000000080055c0                CO_SYNC_process
 .text.CO_getUint16
                0x0000000008005780       0x1e ./CANopenNode/301/CO_TIME.o
 .text.CO_getUint32
                0x000000000800579e       0x1c ./CANopenNode/301/CO_TIME.o
 .text.OD_getIndex
                0x00000000080057ba       0x22 ./CANopenNode/301/CO_TIME.o
 .text.OD_extension_init
                0x00000000080057dc       0x28 ./CANopenNode/301/CO_TIME.o
 .text.OD_get_u32
                0x0000000008005804       0x2a ./CANopenNode/301/CO_TIME.o
 .text.CO_TIME_receive
                0x000000000800582e       0x3a ./CANopenNode/301/CO_TIME.o
 .text.OD_write_1012
                0x0000000008005868       0xe4 ./CANopenNode/301/CO_TIME.o
 .text.CO_TIME_init
                0x000000000800594c      0x100 ./CANopenNode/301/CO_TIME.o
                0x000000000800594c                CO_TIME_init
 .text.CO_TIME_process
                0x0000000008005a4c       0xec ./CANopenNode/301/CO_TIME.o
                0x0000000008005a4c                CO_TIME_process
 .text.CO_fifo_init
                0x0000000008005b38       0x44 ./CANopenNode/301/CO_fifo.o
                0x0000000008005b38                CO_fifo_init
 .text.CO_fifo_write
                0x0000000008005b7c       0xb0 ./CANopenNode/301/CO_fifo.o
                0x0000000008005b7c                CO_fifo_write
 .text.CO_fifo_read
                0x0000000008005c2c       0xb0 ./CANopenNode/301/CO_fifo.o
                0x0000000008005c2c                CO_fifo_read
 .text.CO_LEDs_init
                0x0000000008005cdc       0x2e ./CANopenNode/303/CO_LEDs.o
                0x0000000008005cdc                CO_LEDs_init
 *fill*         0x0000000008005d0a        0x2 
 .text.CO_LEDs_process
                0x0000000008005d0c      0x3e8 ./CANopenNode/303/CO_LEDs.o
                0x0000000008005d0c                CO_LEDs_process
 .text.CO_LSSslave_receive
                0x00000000080060f4      0x2c0 ./CANopenNode/305/CO_LSSslave.o
 .text.CO_LSSslave_init
                0x00000000080063b4       0xec ./CANopenNode/305/CO_LSSslave.o
                0x00000000080063b4                CO_LSSslave_init
 .text.CO_LSSslave_process
                0x00000000080064a0      0x42c ./CANopenNode/305/CO_LSSslave.o
                0x00000000080064a0                CO_LSSslave_process
 .text.CO_isError
                0x00000000080068cc       0x4e ./CANopenNode/CANopen.o
 .text.CO_getErrorRegister
                0x000000000800691a       0x2c ./CANopenNode/CANopen.o
 .text.CO_NMT_getInternalState
                0x0000000008006946       0x24 ./CANopenNode/CANopen.o
 .text.CO_LSSslave_getState
                0x000000000800696a       0x22 ./CANopenNode/CANopen.o
 .text.CO_new   0x000000000800698c      0x24c ./CANopenNode/CANopen.o
                0x000000000800698c                CO_new
 .text.CO_delete
                0x0000000008006bd8       0xc8 ./CANopenNode/CANopen.o
                0x0000000008006bd8                CO_delete
 .text.CO_CANinit
                0x0000000008006ca0       0x58 ./CANopenNode/CANopen.o
                0x0000000008006ca0                CO_CANinit
 .text.CO_LSSinit
                0x0000000008006cf8       0x58 ./CANopenNode/CANopen.o
                0x0000000008006cf8                CO_LSSinit
 .text.CO_CANopenInit
                0x0000000008006d50      0x324 ./CANopenNode/CANopen.o
                0x0000000008006d50                CO_CANopenInit
 .text.CO_CANopenInitPDO
                0x0000000008007074      0x100 ./CANopenNode/CANopen.o
                0x0000000008007074                CO_CANopenInitPDO
 .text.CO_process
                0x0000000008007174      0x1ea ./CANopenNode/CANopen.o
                0x0000000008007174                CO_process
 .text.CO_process_SYNC
                0x000000000800735e       0x80 ./CANopenNode/CANopen.o
                0x000000000800735e                CO_process_SYNC
 .text.CO_process_RPDO
                0x00000000080073de       0x72 ./CANopenNode/CANopen.o
                0x00000000080073de                CO_process_RPDO
 .text.CO_process_TPDO
                0x0000000008007450       0x72 ./CANopenNode/CANopen.o
                0x0000000008007450                CO_process_TPDO
 *fill*         0x00000000080074c2        0x2 
 .text.HAL_TIM_PeriodElapsedCallback
                0x00000000080074c4       0x24 ./Core/CANopenNode_STM32/CO_app_STM32.o
                0x00000000080074c4                HAL_TIM_PeriodElapsedCallback
 .text.canopen_app_init
                0x00000000080074e8       0x68 ./Core/CANopenNode_STM32/CO_app_STM32.o
                0x00000000080074e8                canopen_app_init
 .text.canopen_app_resetCommunication
                0x0000000008007550      0x23c ./Core/CANopenNode_STM32/CO_app_STM32.o
                0x0000000008007550                canopen_app_resetCommunication
 .text.canopen_app_process
                0x000000000800778c       0xc8 ./Core/CANopenNode_STM32/CO_app_STM32.o
                0x000000000800778c                canopen_app_process
 .text.canopen_app_interrupt
                0x0000000008007854       0x84 ./Core/CANopenNode_STM32/CO_app_STM32.o
                0x0000000008007854                canopen_app_interrupt
 .text.CO_CANsetConfigurationMode
                0x00000000080078d8       0x20 ./Core/CANopenNode_STM32/CO_driver_STM32.o
                0x00000000080078d8                CO_CANsetConfigurationMode
 .text.CO_CANsetNormalMode
                0x00000000080078f8       0x30 ./Core/CANopenNode_STM32/CO_driver_STM32.o
                0x00000000080078f8                CO_CANsetNormalMode
 .text.CO_CANmodule_init
                0x0000000008007928      0x178 ./Core/CANopenNode_STM32/CO_driver_STM32.o
                0x0000000008007928                CO_CANmodule_init
 .text.CO_CANmodule_disable
                0x0000000008007aa0       0x2a ./Core/CANopenNode_STM32/CO_driver_STM32.o
                0x0000000008007aa0                CO_CANmodule_disable
 *fill*         0x0000000008007aca        0x2 
 .text.CO_CANrxBufferInit
                0x0000000008007acc       0xb8 ./Core/CANopenNode_STM32/CO_driver_STM32.o
                0x0000000008007acc                CO_CANrxBufferInit
 .text.CO_CANtxBufferInit
                0x0000000008007b84       0x74 ./Core/CANopenNode_STM32/CO_driver_STM32.o
                0x0000000008007b84                CO_CANtxBufferInit
 .text.prv_send_can_message
                0x0000000008007bf8       0x80 ./Core/CANopenNode_STM32/CO_driver_STM32.o
 .text.CO_CANsend
                0x0000000008007c78       0x86 ./Core/CANopenNode_STM32/CO_driver_STM32.o
                0x0000000008007c78                CO_CANsend
 .text.CO_CANclearPendingSyncPDOs
                0x0000000008007cfe       0xcc ./Core/CANopenNode_STM32/CO_driver_STM32.o
                0x0000000008007cfe                CO_CANclearPendingSyncPDOs
 .text.CO_CANmodule_process
                0x0000000008007dca       0x14 ./Core/CANopenNode_STM32/CO_driver_STM32.o
                0x0000000008007dca                CO_CANmodule_process
 *fill*         0x0000000008007dde        0x2 
 .text.prv_read_can_received_msg
                0x0000000008007de0       0xd8 ./Core/CANopenNode_STM32/CO_driver_STM32.o
 .text.HAL_CAN_RxFifo0MsgPendingCallback
                0x0000000008007eb8       0x1a ./Core/CANopenNode_STM32/CO_driver_STM32.o
                0x0000000008007eb8                HAL_CAN_RxFifo0MsgPendingCallback
 .text.HAL_CAN_RxFifo1MsgPendingCallback
                0x0000000008007ed2       0x1a ./Core/CANopenNode_STM32/CO_driver_STM32.o
                0x0000000008007ed2                HAL_CAN_RxFifo1MsgPendingCallback
 .text.CO_CANinterrupt_TX
                0x0000000008007eec       0xc0 ./Core/CANopenNode_STM32/CO_driver_STM32.o
                0x0000000008007eec                CO_CANinterrupt_TX
 .text.HAL_CAN_TxMailbox0CompleteCallback
                0x0000000008007fac       0x18 ./Core/CANopenNode_STM32/CO_driver_STM32.o
                0x0000000008007fac                HAL_CAN_TxMailbox0CompleteCallback
 .text.HAL_CAN_TxMailbox1CompleteCallback
                0x0000000008007fc4       0x18 ./Core/CANopenNode_STM32/CO_driver_STM32.o
                0x0000000008007fc4                HAL_CAN_TxMailbox1CompleteCallback
 .text.HAL_CAN_TxMailbox2CompleteCallback
                0x0000000008007fdc       0x18 ./Core/CANopenNode_STM32/CO_driver_STM32.o
                0x0000000008007fdc                HAL_CAN_TxMailbox2CompleteCallback
 .text.write_SDO
                0x0000000008007ff4       0xd4 ./Core/Src/main.o
                0x0000000008007ff4                write_SDO
 .text.main     0x00000000080080c8     0x198c ./Core/Src/main.o
                0x00000000080080c8                main
 .text.SystemClock_Config
                0x0000000008009a54       0xb8 ./Core/Src/main.o
                0x0000000008009a54                SystemClock_Config
 .text.MX_CAN1_Init
                0x0000000008009b0c       0x6c ./Core/Src/main.o
 .text.MX_CAN2_Init
                0x0000000008009b78       0x6c ./Core/Src/main.o
 .text.MX_TIM14_Init
                0x0000000008009be4       0x48 ./Core/Src/main.o
 .text.MX_GPIO_Init
                0x0000000008009c2c       0x60 ./Core/Src/main.o
 .text.Error_Handler
                0x0000000008009c8c        0xa ./Core/Src/main.o
                0x0000000008009c8c                Error_Handler
 *fill*         0x0000000008009c96        0x2 
 .text.HAL_MspInit
                0x0000000008009c98       0x54 ./Core/Src/stm32f7xx_hal_msp.o
                0x0000000008009c98                HAL_MspInit
 .text.HAL_CAN_MspInit
                0x0000000008009cec      0x1b0 ./Core/Src/stm32f7xx_hal_msp.o
                0x0000000008009cec                HAL_CAN_MspInit
 .text.HAL_TIM_Base_MspInit
                0x0000000008009e9c       0x4c ./Core/Src/stm32f7xx_hal_msp.o
                0x0000000008009e9c                HAL_TIM_Base_MspInit
 .text.NMI_Handler
                0x0000000008009ee8        0x6 ./Core/Src/stm32f7xx_it.o
                0x0000000008009ee8                NMI_Handler
 .text.HardFault_Handler
                0x0000000008009eee        0x6 ./Core/Src/stm32f7xx_it.o
                0x0000000008009eee                HardFault_Handler
 .text.MemManage_Handler
                0x0000000008009ef4        0x6 ./Core/Src/stm32f7xx_it.o
                0x0000000008009ef4                MemManage_Handler
 .text.BusFault_Handler
                0x0000000008009efa        0x6 ./Core/Src/stm32f7xx_it.o
                0x0000000008009efa                BusFault_Handler
 .text.UsageFault_Handler
                0x0000000008009f00        0x6 ./Core/Src/stm32f7xx_it.o
                0x0000000008009f00                UsageFault_Handler
 .text.SVC_Handler
                0x0000000008009f06        0xe ./Core/Src/stm32f7xx_it.o
                0x0000000008009f06                SVC_Handler
 .text.DebugMon_Handler
                0x0000000008009f14        0xe ./Core/Src/stm32f7xx_it.o
                0x0000000008009f14                DebugMon_Handler
 .text.PendSV_Handler
                0x0000000008009f22        0xe ./Core/Src/stm32f7xx_it.o
                0x0000000008009f22                PendSV_Handler
 .text.SysTick_Handler
                0x0000000008009f30        0xc ./Core/Src/stm32f7xx_it.o
                0x0000000008009f30                SysTick_Handler
 .text.RCC_IRQHandler
                0x0000000008009f3c        0xe ./Core/Src/stm32f7xx_it.o
                0x0000000008009f3c                RCC_IRQHandler
 *fill*         0x0000000008009f4a        0x2 
 .text.CAN1_TX_IRQHandler
                0x0000000008009f4c       0x14 ./Core/Src/stm32f7xx_it.o
                0x0000000008009f4c                CAN1_TX_IRQHandler
 .text.CAN1_RX0_IRQHandler
                0x0000000008009f60       0x14 ./Core/Src/stm32f7xx_it.o
                0x0000000008009f60                CAN1_RX0_IRQHandler
 .text.CAN1_RX1_IRQHandler
                0x0000000008009f74       0x14 ./Core/Src/stm32f7xx_it.o
                0x0000000008009f74                CAN1_RX1_IRQHandler
 .text.CAN1_SCE_IRQHandler
                0x0000000008009f88       0x14 ./Core/Src/stm32f7xx_it.o
                0x0000000008009f88                CAN1_SCE_IRQHandler
 .text.TIM8_TRG_COM_TIM14_IRQHandler
                0x0000000008009f9c       0x14 ./Core/Src/stm32f7xx_it.o
                0x0000000008009f9c                TIM8_TRG_COM_TIM14_IRQHandler
 .text.CAN2_TX_IRQHandler
                0x0000000008009fb0       0x14 ./Core/Src/stm32f7xx_it.o
                0x0000000008009fb0                CAN2_TX_IRQHandler
 .text.CAN2_RX0_IRQHandler
                0x0000000008009fc4       0x14 ./Core/Src/stm32f7xx_it.o
                0x0000000008009fc4                CAN2_RX0_IRQHandler
 .text.CAN2_RX1_IRQHandler
                0x0000000008009fd8       0x14 ./Core/Src/stm32f7xx_it.o
                0x0000000008009fd8                CAN2_RX1_IRQHandler
 .text.CAN2_SCE_IRQHandler
                0x0000000008009fec       0x14 ./Core/Src/stm32f7xx_it.o
                0x0000000008009fec                CAN2_SCE_IRQHandler
 .text._read    0x000000000800a000       0x3a ./Core/Src/syscalls.o
                0x000000000800a000                _read
 .text._write   0x000000000800a03a       0x38 ./Core/Src/syscalls.o
                0x000000000800a03a                _write
 .text._close   0x000000000800a072       0x18 ./Core/Src/syscalls.o
                0x000000000800a072                _close
 .text._fstat   0x000000000800a08a       0x20 ./Core/Src/syscalls.o
                0x000000000800a08a                _fstat
 .text._isatty  0x000000000800a0aa       0x16 ./Core/Src/syscalls.o
                0x000000000800a0aa                _isatty
 .text._lseek   0x000000000800a0c0       0x1a ./Core/Src/syscalls.o
                0x000000000800a0c0                _lseek
 *fill*         0x000000000800a0da        0x2 
 .text._sbrk    0x000000000800a0dc       0x6c ./Core/Src/sysmem.o
                0x000000000800a0dc                _sbrk
 .text.SystemInit
                0x000000000800a148       0x24 ./Core/Src/system_stm32f7xx.o
                0x000000000800a148                SystemInit
 .text.Reset_Handler
                0x000000000800a16c       0x50 ./Core/Startup/startup_stm32f767vitx.o
                0x000000000800a16c                Reset_Handler
 .text.Default_Handler
                0x000000000800a1bc        0x2 ./Core/Startup/startup_stm32f767vitx.o
                0x000000000800a1bc                RTC_Alarm_IRQHandler
                0x000000000800a1bc                EXTI2_IRQHandler
                0x000000000800a1bc                TIM8_CC_IRQHandler
                0x000000000800a1bc                UART8_IRQHandler
                0x000000000800a1bc                SPI4_IRQHandler
                0x000000000800a1bc                TIM1_CC_IRQHandler
                0x000000000800a1bc                DMA2_Stream5_IRQHandler
                0x000000000800a1bc                JPEG_IRQHandler
                0x000000000800a1bc                DMA1_Stream5_IRQHandler
                0x000000000800a1bc                CAN3_RX1_IRQHandler
                0x000000000800a1bc                PVD_IRQHandler
                0x000000000800a1bc                TAMP_STAMP_IRQHandler
                0x000000000800a1bc                EXTI3_IRQHandler
                0x000000000800a1bc                DFSDM1_FLT1_IRQHandler
                0x000000000800a1bc                TIM1_UP_TIM10_IRQHandler
                0x000000000800a1bc                TIM8_UP_TIM13_IRQHandler
                0x000000000800a1bc                I2C3_ER_IRQHandler
                0x000000000800a1bc                DFSDM1_FLT2_IRQHandler
                0x000000000800a1bc                EXTI0_IRQHandler
                0x000000000800a1bc                I2C2_EV_IRQHandler
                0x000000000800a1bc                DMA1_Stream2_IRQHandler
                0x000000000800a1bc                FPU_IRQHandler
                0x000000000800a1bc                OTG_HS_WKUP_IRQHandler
                0x000000000800a1bc                CAN3_SCE_IRQHandler
                0x000000000800a1bc                LTDC_ER_IRQHandler
                0x000000000800a1bc                DMA2_Stream2_IRQHandler
                0x000000000800a1bc                SPI1_IRQHandler
                0x000000000800a1bc                TIM6_DAC_IRQHandler
                0x000000000800a1bc                TIM1_BRK_TIM9_IRQHandler
                0x000000000800a1bc                DCMI_IRQHandler
                0x000000000800a1bc                DMA2_Stream3_IRQHandler
                0x000000000800a1bc                SAI2_IRQHandler
                0x000000000800a1bc                DFSDM1_FLT3_IRQHandler
                0x000000000800a1bc                USART6_IRQHandler
                0x000000000800a1bc                CAN3_RX0_IRQHandler
                0x000000000800a1bc                USART3_IRQHandler
                0x000000000800a1bc                UART5_IRQHandler
                0x000000000800a1bc                DMA2_Stream0_IRQHandler
                0x000000000800a1bc                TIM4_IRQHandler
                0x000000000800a1bc                QUADSPI_IRQHandler
                0x000000000800a1bc                I2C1_EV_IRQHandler
                0x000000000800a1bc                DMA1_Stream6_IRQHandler
                0x000000000800a1bc                DMA1_Stream1_IRQHandler
                0x000000000800a1bc                UART4_IRQHandler
                0x000000000800a1bc                TIM3_IRQHandler
                0x000000000800a1bc                TIM8_BRK_TIM12_IRQHandler
                0x000000000800a1bc                Default_Handler
                0x000000000800a1bc                CEC_IRQHandler
                0x000000000800a1bc                EXTI15_10_IRQHandler
                0x000000000800a1bc                ADC_IRQHandler
                0x000000000800a1bc                DMA1_Stream7_IRQHandler
                0x000000000800a1bc                SPI5_IRQHandler
                0x000000000800a1bc                TIM7_IRQHandler
                0x000000000800a1bc                SDMMC1_IRQHandler
                0x000000000800a1bc                TIM5_IRQHandler
                0x000000000800a1bc                DMA2_Stream7_IRQHandler
                0x000000000800a1bc                I2C3_EV_IRQHandler
                0x000000000800a1bc                EXTI9_5_IRQHandler
                0x000000000800a1bc                RTC_WKUP_IRQHandler
                0x000000000800a1bc                LTDC_IRQHandler
                0x000000000800a1bc                ETH_WKUP_IRQHandler
                0x000000000800a1bc                SPDIF_RX_IRQHandler
                0x000000000800a1bc                SPI2_IRQHandler
                0x000000000800a1bc                OTG_HS_EP1_IN_IRQHandler
                0x000000000800a1bc                DMA1_Stream0_IRQHandler
                0x000000000800a1bc                EXTI4_IRQHandler
                0x000000000800a1bc                RNG_IRQHandler
                0x000000000800a1bc                ETH_IRQHandler
                0x000000000800a1bc                OTG_HS_EP1_OUT_IRQHandler
                0x000000000800a1bc                WWDG_IRQHandler
                0x000000000800a1bc                SPI6_IRQHandler
                0x000000000800a1bc                MDIOS_IRQHandler
                0x000000000800a1bc                I2C4_EV_IRQHandler
                0x000000000800a1bc                CAN3_TX_IRQHandler
                0x000000000800a1bc                TIM2_IRQHandler
                0x000000000800a1bc                OTG_FS_WKUP_IRQHandler
                0x000000000800a1bc                TIM1_TRG_COM_TIM11_IRQHandler
                0x000000000800a1bc                OTG_HS_IRQHandler
                0x000000000800a1bc                DMA2D_IRQHandler
                0x000000000800a1bc                EXTI1_IRQHandler
                0x000000000800a1bc                SDMMC2_IRQHandler
                0x000000000800a1bc                UART7_IRQHandler
                0x000000000800a1bc                USART2_IRQHandler
                0x000000000800a1bc                DFSDM1_FLT0_IRQHandler
                0x000000000800a1bc                I2C2_ER_IRQHandler
                0x000000000800a1bc                DMA2_Stream1_IRQHandler
                0x000000000800a1bc                FLASH_IRQHandler
                0x000000000800a1bc                DMA2_Stream4_IRQHandler
                0x000000000800a1bc                USART1_IRQHandler
                0x000000000800a1bc                OTG_FS_IRQHandler
                0x000000000800a1bc                SPI3_IRQHandler
                0x000000000800a1bc                DMA1_Stream4_IRQHandler
                0x000000000800a1bc                I2C1_ER_IRQHandler
                0x000000000800a1bc                FMC_IRQHandler
                0x000000000800a1bc                LPTIM1_IRQHandler
                0x000000000800a1bc                I2C4_ER_IRQHandler
                0x000000000800a1bc                DMA2_Stream6_IRQHandler
                0x000000000800a1bc                SAI1_IRQHandler
                0x000000000800a1bc                DMA1_Stream3_IRQHandler
 .text.HAL_Init
                0x000000000800a1be       0x1a ./Drivers/STM32F7xx_HAL_Driver/Src/stm32f7xx_hal.o
                0x000000000800a1be                HAL_Init
 .text.HAL_InitTick
                0x000000000800a1d8       0x60 ./Drivers/STM32F7xx_HAL_Driver/Src/stm32f7xx_hal.o
                0x000000000800a1d8                HAL_InitTick
 .text.HAL_IncTick
                0x000000000800a238       0x28 ./Drivers/STM32F7xx_HAL_Driver/Src/stm32f7xx_hal.o
                0x000000000800a238                HAL_IncTick
 .text.HAL_GetTick
                0x000000000800a260       0x18 ./Drivers/STM32F7xx_HAL_Driver/Src/stm32f7xx_hal.o
                0x000000000800a260                HAL_GetTick
 .text.HAL_Delay
                0x000000000800a278       0x48 ./Drivers/STM32F7xx_HAL_Driver/Src/stm32f7xx_hal.o
                0x000000000800a278                HAL_Delay
 .text.HAL_CAN_Init
                0x000000000800a2c0      0x1f6 ./Drivers/STM32F7xx_HAL_Driver/Src/stm32f7xx_hal_can.o
                0x000000000800a2c0                HAL_CAN_Init
 *fill*         0x000000000800a4b6        0x2 
 .text.HAL_CAN_ConfigFilter
                0x000000000800a4b8      0x1d8 ./Drivers/STM32F7xx_HAL_Driver/Src/stm32f7xx_hal_can.o
                0x000000000800a4b8                HAL_CAN_ConfigFilter
 .text.HAL_CAN_Start
                0x000000000800a690       0x88 ./Drivers/STM32F7xx_HAL_Driver/Src/stm32f7xx_hal_can.o
                0x000000000800a690                HAL_CAN_Start
 .text.HAL_CAN_Stop
                0x000000000800a718       0x92 ./Drivers/STM32F7xx_HAL_Driver/Src/stm32f7xx_hal_can.o
                0x000000000800a718                HAL_CAN_Stop
 .text.HAL_CAN_AddTxMessage
                0x000000000800a7aa      0x1a0 ./Drivers/STM32F7xx_HAL_Driver/Src/stm32f7xx_hal_can.o
                0x000000000800a7aa                HAL_CAN_AddTxMessage
 .text.HAL_CAN_GetTxMailboxesFreeLevel
                0x000000000800a94a       0x6a ./Drivers/STM32F7xx_HAL_Driver/Src/stm32f7xx_hal_can.o
                0x000000000800a94a                HAL_CAN_GetTxMailboxesFreeLevel
 .text.HAL_CAN_GetRxMessage
                0x000000000800a9b4      0x244 ./Drivers/STM32F7xx_HAL_Driver/Src/stm32f7xx_hal_can.o
                0x000000000800a9b4                HAL_CAN_GetRxMessage
 .text.HAL_CAN_ActivateNotification
                0x000000000800abf8       0x4c ./Drivers/STM32F7xx_HAL_Driver/Src/stm32f7xx_hal_can.o
                0x000000000800abf8                HAL_CAN_ActivateNotification
 .text.HAL_CAN_IRQHandler
                0x000000000800ac44      0x36e ./Drivers/STM32F7xx_HAL_Driver/Src/stm32f7xx_hal_can.o
                0x000000000800ac44                HAL_CAN_IRQHandler
 .text.HAL_CAN_TxMailbox0AbortCallback
                0x000000000800afb2       0x14 ./Drivers/STM32F7xx_HAL_Driver/Src/stm32f7xx_hal_can.o
                0x000000000800afb2                HAL_CAN_TxMailbox0AbortCallback
 .text.HAL_CAN_TxMailbox1AbortCallback
                0x000000000800afc6       0x14 ./Drivers/STM32F7xx_HAL_Driver/Src/stm32f7xx_hal_can.o
                0x000000000800afc6                HAL_CAN_TxMailbox1AbortCallback
 .text.HAL_CAN_TxMailbox2AbortCallback
                0x000000000800afda       0x14 ./Drivers/STM32F7xx_HAL_Driver/Src/stm32f7xx_hal_can.o
                0x000000000800afda                HAL_CAN_TxMailbox2AbortCallback
 .text.HAL_CAN_RxFifo0FullCallback
                0x000000000800afee       0x14 ./Drivers/STM32F7xx_HAL_Driver/Src/stm32f7xx_hal_can.o
                0x000000000800afee                HAL_CAN_RxFifo0FullCallback
 .text.HAL_CAN_RxFifo1FullCallback
                0x000000000800b002       0x14 ./Drivers/STM32F7xx_HAL_Driver/Src/stm32f7xx_hal_can.o
                0x000000000800b002                HAL_CAN_RxFifo1FullCallback
 .text.HAL_CAN_SleepCallback
                0x000000000800b016       0x14 ./Drivers/STM32F7xx_HAL_Driver/Src/stm32f7xx_hal_can.o
                0x000000000800b016                HAL_CAN_SleepCallback
 .text.HAL_CAN_WakeUpFromRxMsgCallback
                0x000000000800b02a       0x14 ./Drivers/STM32F7xx_HAL_Driver/Src/stm32f7xx_hal_can.o
                0x000000000800b02a                HAL_CAN_WakeUpFromRxMsgCallback
 .text.HAL_CAN_ErrorCallback
                0x000000000800b03e       0x14 ./Drivers/STM32F7xx_HAL_Driver/Src/stm32f7xx_hal_can.o
                0x000000000800b03e                HAL_CAN_ErrorCallback
 *fill*         0x000000000800b052        0x2 
 .text.__NVIC_SetPriorityGrouping
                0x000000000800b054       0x48 ./Drivers/STM32F7xx_HAL_Driver/Src/stm32f7xx_hal_cortex.o
 .text.__NVIC_GetPriorityGrouping
                0x000000000800b09c       0x1c ./Drivers/STM32F7xx_HAL_Driver/Src/stm32f7xx_hal_cortex.o
 .text.__NVIC_EnableIRQ
                0x000000000800b0b8       0x3c ./Drivers/STM32F7xx_HAL_Driver/Src/stm32f7xx_hal_cortex.o
 .text.__NVIC_SetPriority
                0x000000000800b0f4       0x54 ./Drivers/STM32F7xx_HAL_Driver/Src/stm32f7xx_hal_cortex.o
 .text.NVIC_EncodePriority
                0x000000000800b148       0x66 ./Drivers/STM32F7xx_HAL_Driver/Src/stm32f7xx_hal_cortex.o
 *fill*         0x000000000800b1ae        0x2 
 .text.__NVIC_SystemReset
                0x000000000800b1b0       0x2c ./Drivers/STM32F7xx_HAL_Driver/Src/stm32f7xx_hal_cortex.o
 .text.SysTick_Config
                0x000000000800b1dc       0x44 ./Drivers/STM32F7xx_HAL_Driver/Src/stm32f7xx_hal_cortex.o
 .text.HAL_NVIC_SetPriorityGrouping
                0x000000000800b220       0x16 ./Drivers/STM32F7xx_HAL_Driver/Src/stm32f7xx_hal_cortex.o
                0x000000000800b220                HAL_NVIC_SetPriorityGrouping
 .text.HAL_NVIC_SetPriority
                0x000000000800b236       0x38 ./Drivers/STM32F7xx_HAL_Driver/Src/stm32f7xx_hal_cortex.o
                0x000000000800b236                HAL_NVIC_SetPriority
 .text.HAL_NVIC_EnableIRQ
                0x000000000800b26e       0x1c ./Drivers/STM32F7xx_HAL_Driver/Src/stm32f7xx_hal_cortex.o
                0x000000000800b26e                HAL_NVIC_EnableIRQ
 .text.HAL_NVIC_SystemReset
                0x000000000800b28a        0x8 ./Drivers/STM32F7xx_HAL_Driver/Src/stm32f7xx_hal_cortex.o
                0x000000000800b28a                HAL_NVIC_SystemReset
 .text.HAL_SYSTICK_Config
                0x000000000800b292       0x18 ./Drivers/STM32F7xx_HAL_Driver/Src/stm32f7xx_hal_cortex.o
                0x000000000800b292                HAL_SYSTICK_Config
 *fill*         0x000000000800b2aa        0x2 
 .text.HAL_GPIO_Init
                0x000000000800b2ac      0x358 ./Drivers/STM32F7xx_HAL_Driver/Src/stm32f7xx_hal_gpio.o
                0x000000000800b2ac                HAL_GPIO_Init
 .text.HAL_RCC_OscConfig
                0x000000000800b604      0x55c ./Drivers/STM32F7xx_HAL_Driver/Src/stm32f7xx_hal_rcc.o
                0x000000000800b604                HAL_RCC_OscConfig
 .text.HAL_RCC_ClockConfig
                0x000000000800bb60      0x1d8 ./Drivers/STM32F7xx_HAL_Driver/Src/stm32f7xx_hal_rcc.o
                0x000000000800bb60                HAL_RCC_ClockConfig
 .text.HAL_RCC_GetSysClockFreq
                0x000000000800bd38      0x18c ./Drivers/STM32F7xx_HAL_Driver/Src/stm32f7xx_hal_rcc.o
                0x000000000800bd38                HAL_RCC_GetSysClockFreq
 .text.HAL_TIM_Base_Init
                0x000000000800bec4       0xae ./Drivers/STM32F7xx_HAL_Driver/Src/stm32f7xx_hal_tim.o
                0x000000000800bec4                HAL_TIM_Base_Init
 *fill*         0x000000000800bf72        0x2 
 .text.HAL_TIM_Base_Start_IT
                0x000000000800bf74       0xf0 ./Drivers/STM32F7xx_HAL_Driver/Src/stm32f7xx_hal_tim.o
                0x000000000800bf74                HAL_TIM_Base_Start_IT
 .text.HAL_TIM_IRQHandler
                0x000000000800c064      0x20e ./Drivers/STM32F7xx_HAL_Driver/Src/stm32f7xx_hal_tim.o
                0x000000000800c064                HAL_TIM_IRQHandler
 .text.HAL_TIM_OC_DelayElapsedCallback
                0x000000000800c272       0x14 ./Drivers/STM32F7xx_HAL_Driver/Src/stm32f7xx_hal_tim.o
                0x000000000800c272                HAL_TIM_OC_DelayElapsedCallback
 .text.HAL_TIM_IC_CaptureCallback
                0x000000000800c286       0x14 ./Drivers/STM32F7xx_HAL_Driver/Src/stm32f7xx_hal_tim.o
                0x000000000800c286                HAL_TIM_IC_CaptureCallback
 .text.HAL_TIM_PWM_PulseFinishedCallback
                0x000000000800c29a       0x14 ./Drivers/STM32F7xx_HAL_Driver/Src/stm32f7xx_hal_tim.o
                0x000000000800c29a                HAL_TIM_PWM_PulseFinishedCallback
 .text.HAL_TIM_TriggerCallback
                0x000000000800c2ae       0x14 ./Drivers/STM32F7xx_HAL_Driver/Src/stm32f7xx_hal_tim.o
                0x000000000800c2ae                HAL_TIM_TriggerCallback
 *fill*         0x000000000800c2c2        0x2 
 .text.TIM_Base_SetConfig
                0x000000000800c2c4      0x158 ./Drivers/STM32F7xx_HAL_Driver/Src/stm32f7xx_hal_tim.o
                0x000000000800c2c4                TIM_Base_SetConfig
 .text.HAL_TIMEx_CommutCallback
                0x000000000800c41c       0x14 ./Drivers/STM32F7xx_HAL_Driver/Src/stm32f7xx_hal_tim_ex.o
                0x000000000800c41c                HAL_TIMEx_CommutCallback
 .text.HAL_TIMEx_BreakCallback
                0x000000000800c430       0x14 ./Drivers/STM32F7xx_HAL_Driver/Src/stm32f7xx_hal_tim_ex.o
                0x000000000800c430                HAL_TIMEx_BreakCallback
 .text.HAL_TIMEx_Break2Callback
                0x000000000800c444       0x14 ./Drivers/STM32F7xx_HAL_Driver/Src/stm32f7xx_hal_tim_ex.o
                0x000000000800c444                HAL_TIMEx_Break2Callback
 .text.calloc   0x000000000800c458       0x10 C:/ST/STM32CubeIDE_1.13.0/STM32CubeIDE/plugins/com.st.stm32cube.ide.mcu.externaltools.gnu-tools-for-stm32.11.3.rel1.win32_1.1.0.202305231506/tools/bin/../lib/gcc/arm-none-eabi/11.3.1/../../../../arm-none-eabi/lib/thumb/v7e-m+dp/hard\libc_nano.a(libc_a-calloc.o)
                0x000000000800c458                calloc
 .text._calloc_r
                0x000000000800c468       0x2c C:/ST/STM32CubeIDE_1.13.0/STM32CubeIDE/plugins/com.st.stm32cube.ide.mcu.externaltools.gnu-tools-for-stm32.11.3.rel1.win32_1.1.0.202305231506/tools/bin/../lib/gcc/arm-none-eabi/11.3.1/../../../../arm-none-eabi/lib/thumb/v7e-m+dp/hard\libc_nano.a(libc_a-callocr.o)
                0x000000000800c468                _calloc_r
 .text.free     0x000000000800c494       0x10 C:/ST/STM32CubeIDE_1.13.0/STM32CubeIDE/plugins/com.st.stm32cube.ide.mcu.externaltools.gnu-tools-for-stm32.11.3.rel1.win32_1.1.0.202305231506/tools/bin/../lib/gcc/arm-none-eabi/11.3.1/../../../../arm-none-eabi/lib/thumb/v7e-m+dp/hard\libc_nano.a(libc_a-malloc.o)
                0x000000000800c494                free
 .text.sbrk_aligned
                0x000000000800c4a4       0x40 C:/ST/STM32CubeIDE_1.13.0/STM32CubeIDE/plugins/com.st.stm32cube.ide.mcu.externaltools.gnu-tools-for-stm32.11.3.rel1.win32_1.1.0.202305231506/tools/bin/../lib/gcc/arm-none-eabi/11.3.1/../../../../arm-none-eabi/lib/thumb/v7e-m+dp/hard\libc_nano.a(libc_a-mallocr.o)
 .text._malloc_r
                0x000000000800c4e4      0x100 C:/ST/STM32CubeIDE_1.13.0/STM32CubeIDE/plugins/com.st.stm32cube.ide.mcu.externaltools.gnu-tools-for-stm32.11.3.rel1.win32_1.1.0.202305231506/tools/bin/../lib/gcc/arm-none-eabi/11.3.1/../../../../arm-none-eabi/lib/thumb/v7e-m+dp/hard\libc_nano.a(libc_a-mallocr.o)
                0x000000000800c4e4                _malloc_r
 .text.__malloc_lock
                0x000000000800c5e4        0xc C:/ST/STM32CubeIDE_1.13.0/STM32CubeIDE/plugins/com.st.stm32cube.ide.mcu.externaltools.gnu-tools-for-stm32.11.3.rel1.win32_1.1.0.202305231506/tools/bin/../lib/gcc/arm-none-eabi/11.3.1/../../../../arm-none-eabi/lib/thumb/v7e-m+dp/hard\libc_nano.a(libc_a-mlock.o)
                0x000000000800c5e4                __malloc_lock
 .text.__malloc_unlock
                0x000000000800c5f0        0xc C:/ST/STM32CubeIDE_1.13.0/STM32CubeIDE/plugins/com.st.stm32cube.ide.mcu.externaltools.gnu-tools-for-stm32.11.3.rel1.win32_1.1.0.202305231506/tools/bin/../lib/gcc/arm-none-eabi/11.3.1/../../../../arm-none-eabi/lib/thumb/v7e-m+dp/hard\libc_nano.a(libc_a-mlock.o)
                0x000000000800c5f0                __malloc_unlock
 .text.__sflush_r
                0x000000000800c5fc      0x10c C:/ST/STM32CubeIDE_1.13.0/STM32CubeIDE/plugins/com.st.stm32cube.ide.mcu.externaltools.gnu-tools-for-stm32.11.3.rel1.win32_1.1.0.202305231506/tools/bin/../lib/gcc/arm-none-eabi/11.3.1/../../../../arm-none-eabi/lib/thumb/v7e-m+dp/hard\libc_nano.a(libc_a-fflush.o)
                0x000000000800c5fc                __sflush_r
 .text._fflush_r
                0x000000000800c708       0x50 C:/ST/STM32CubeIDE_1.13.0/STM32CubeIDE/plugins/com.st.stm32cube.ide.mcu.externaltools.gnu-tools-for-stm32.11.3.rel1.win32_1.1.0.202305231506/tools/bin/../lib/gcc/arm-none-eabi/11.3.1/../../../../arm-none-eabi/lib/thumb/v7e-m+dp/hard\libc_nano.a(libc_a-fflush.o)
                0x000000000800c708                _fflush_r
 .text.fflush   0x000000000800c758       0x28 C:/ST/STM32CubeIDE_1.13.0/STM32CubeIDE/plugins/com.st.stm32cube.ide.mcu.externaltools.gnu-tools-for-stm32.11.3.rel1.win32_1.1.0.202305231506/tools/bin/../lib/gcc/arm-none-eabi/11.3.1/../../../../arm-none-eabi/lib/thumb/v7e-m+dp/hard\libc_nano.a(libc_a-fflush.o)
                0x000000000800c758                fflush
 .text.std      0x000000000800c780       0x48 C:/ST/STM32CubeIDE_1.13.0/STM32CubeIDE/plugins/com.st.stm32cube.ide.mcu.externaltools.gnu-tools-for-stm32.11.3.rel1.win32_1.1.0.202305231506/tools/bin/../lib/gcc/arm-none-eabi/11.3.1/../../../../arm-none-eabi/lib/thumb/v7e-m+dp/hard\libc_nano.a(libc_a-findfp.o)
 .text.stdio_exit_handler
                0x000000000800c7c8       0x18 C:/ST/STM32CubeIDE_1.13.0/STM32CubeIDE/plugins/com.st.stm32cube.ide.mcu.externaltools.gnu-tools-for-stm32.11.3.rel1.win32_1.1.0.202305231506/tools/bin/../lib/gcc/arm-none-eabi/11.3.1/../../../../arm-none-eabi/lib/thumb/v7e-m+dp/hard\libc_nano.a(libc_a-findfp.o)
 .text.cleanup_stdio
                0x000000000800c7e0       0x40 C:/ST/STM32CubeIDE_1.13.0/STM32CubeIDE/plugins/com.st.stm32cube.ide.mcu.externaltools.gnu-tools-for-stm32.11.3.rel1.win32_1.1.0.202305231506/tools/bin/../lib/gcc/arm-none-eabi/11.3.1/../../../../arm-none-eabi/lib/thumb/v7e-m+dp/hard\libc_nano.a(libc_a-findfp.o)
 .text.global_stdio_init.part.0
                0x000000000800c820       0x3c C:/ST/STM32CubeIDE_1.13.0/STM32CubeIDE/plugins/com.st.stm32cube.ide.mcu.externaltools.gnu-tools-for-stm32.11.3.rel1.win32_1.1.0.202305231506/tools/bin/../lib/gcc/arm-none-eabi/11.3.1/../../../../arm-none-eabi/lib/thumb/v7e-m+dp/hard\libc_nano.a(libc_a-findfp.o)
 .text.__sfp_lock_acquire
                0x000000000800c85c        0xc C:/ST/STM32CubeIDE_1.13.0/STM32CubeIDE/plugins/com.st.stm32cube.ide.mcu.externaltools.gnu-tools-for-stm32.11.3.rel1.win32_1.1.0.202305231506/tools/bin/../lib/gcc/arm-none-eabi/11.3.1/../../../../arm-none-eabi/lib/thumb/v7e-m+dp/hard\libc_nano.a(libc_a-findfp.o)
                0x000000000800c85c                __sfp_lock_acquire
 .text.__sfp_lock_release
                0x000000000800c868        0xc C:/ST/STM32CubeIDE_1.13.0/STM32CubeIDE/plugins/com.st.stm32cube.ide.mcu.externaltools.gnu-tools-for-stm32.11.3.rel1.win32_1.1.0.202305231506/tools/bin/../lib/gcc/arm-none-eabi/11.3.1/../../../../arm-none-eabi/lib/thumb/v7e-m+dp/hard\libc_nano.a(libc_a-findfp.o)
                0x000000000800c868                __sfp_lock_release
 .text.__sinit  0x000000000800c874       0x30 C:/ST/STM32CubeIDE_1.13.0/STM32CubeIDE/plugins/com.st.stm32cube.ide.mcu.externaltools.gnu-tools-for-stm32.11.3.rel1.win32_1.1.0.202305231506/tools/bin/../lib/gcc/arm-none-eabi/11.3.1/../../../../arm-none-eabi/lib/thumb/v7e-m+dp/hard\libc_nano.a(libc_a-findfp.o)
                0x000000000800c874                __sinit
 .text._fwalk_sglue
                0x000000000800c8a4       0x3c C:/ST/STM32CubeIDE_1.13.0/STM32CubeIDE/plugins/com.st.stm32cube.ide.mcu.externaltools.gnu-tools-for-stm32.11.3.rel1.win32_1.1.0.202305231506/tools/bin/../lib/gcc/arm-none-eabi/11.3.1/../../../../arm-none-eabi/lib/thumb/v7e-m+dp/hard\libc_nano.a(libc_a-fwalk.o)
                0x000000000800c8a4                _fwalk_sglue
 .text.printf   0x000000000800c8e0       0x24 C:/ST/STM32CubeIDE_1.13.0/STM32CubeIDE/plugins/com.st.stm32cube.ide.mcu.externaltools.gnu-tools-for-stm32.11.3.rel1.win32_1.1.0.202305231506/tools/bin/../lib/gcc/arm-none-eabi/11.3.1/../../../../arm-none-eabi/lib/thumb/v7e-m+dp/hard\libc_nano.a(libc_a-printf.o)
                0x000000000800c8e0                iprintf
                0x000000000800c8e0                printf
 .text._puts_r  0x000000000800c904       0xa8 C:/ST/STM32CubeIDE_1.13.0/STM32CubeIDE/plugins/com.st.stm32cube.ide.mcu.externaltools.gnu-tools-for-stm32.11.3.rel1.win32_1.1.0.202305231506/tools/bin/../lib/gcc/arm-none-eabi/11.3.1/../../../../arm-none-eabi/lib/thumb/v7e-m+dp/hard\libc_nano.a(libc_a-puts.o)
                0x000000000800c904                _puts_r
 .text.puts     0x000000000800c9ac       0x10 C:/ST/STM32CubeIDE_1.13.0/STM32CubeIDE/plugins/com.st.stm32cube.ide.mcu.externaltools.gnu-tools-for-stm32.11.3.rel1.win32_1.1.0.202305231506/tools/bin/../lib/gcc/arm-none-eabi/11.3.1/../../../../arm-none-eabi/lib/thumb/v7e-m+dp/hard\libc_nano.a(libc_a-puts.o)
                0x000000000800c9ac                puts
 .text.__sread  0x000000000800c9bc       0x22 C:/ST/STM32CubeIDE_1.13.0/STM32CubeIDE/plugins/com.st.stm32cube.ide.mcu.externaltools.gnu-tools-for-stm32.11.3.rel1.win32_1.1.0.202305231506/tools/bin/../lib/gcc/arm-none-eabi/11.3.1/../../../../arm-none-eabi/lib/thumb/v7e-m+dp/hard\libc_nano.a(libc_a-stdio.o)
                0x000000000800c9bc                __sread
 .text.__swrite
                0x000000000800c9de       0x38 C:/ST/STM32CubeIDE_1.13.0/STM32CubeIDE/plugins/com.st.stm32cube.ide.mcu.externaltools.gnu-tools-for-stm32.11.3.rel1.win32_1.1.0.202305231506/tools/bin/../lib/gcc/arm-none-eabi/11.3.1/../../../../arm-none-eabi/lib/thumb/v7e-m+dp/hard\libc_nano.a(libc_a-stdio.o)
                0x000000000800c9de                __swrite
 .text.__sseek  0x000000000800ca16       0x24 C:/ST/STM32CubeIDE_1.13.0/STM32CubeIDE/plugins/com.st.stm32cube.ide.mcu.externaltools.gnu-tools-for-stm32.11.3.rel1.win32_1.1.0.202305231506/tools/bin/../lib/gcc/arm-none-eabi/11.3.1/../../../../arm-none-eabi/lib/thumb/v7e-m+dp/hard\libc_nano.a(libc_a-stdio.o)
                0x000000000800ca16                __sseek
 .text.__sclose
                0x000000000800ca3a        0x8 C:/ST/STM32CubeIDE_1.13.0/STM32CubeIDE/plugins/com.st.stm32cube.ide.mcu.externaltools.gnu-tools-for-stm32.11.3.rel1.win32_1.1.0.202305231506/tools/bin/../lib/gcc/arm-none-eabi/11.3.1/../../../../arm-none-eabi/lib/thumb/v7e-m+dp/hard\libc_nano.a(libc_a-stdio.o)
                0x000000000800ca3a                __sclose
 .text.__swbuf_r
                0x000000000800ca42       0x7a C:/ST/STM32CubeIDE_1.13.0/STM32CubeIDE/plugins/com.st.stm32cube.ide.mcu.externaltools.gnu-tools-for-stm32.11.3.rel1.win32_1.1.0.202305231506/tools/bin/../lib/gcc/arm-none-eabi/11.3.1/../../../../arm-none-eabi/lib/thumb/v7e-m+dp/hard\libc_nano.a(libc_a-wbuf.o)
                0x000000000800ca42                __swbuf_r
 .text.__swsetup_r
                0x000000000800cabc       0xb0 C:/ST/STM32CubeIDE_1.13.0/STM32CubeIDE/plugins/com.st.stm32cube.ide.mcu.externaltools.gnu-tools-for-stm32.11.3.rel1.win32_1.1.0.202305231506/tools/bin/../lib/gcc/arm-none-eabi/11.3.1/../../../../arm-none-eabi/lib/thumb/v7e-m+dp/hard\libc_nano.a(libc_a-wsetup.o)
                0x000000000800cabc                __swsetup_r
 .text.memmove  0x000000000800cb6c       0x34 C:/ST/STM32CubeIDE_1.13.0/STM32CubeIDE/plugins/com.st.stm32cube.ide.mcu.externaltools.gnu-tools-for-stm32.11.3.rel1.win32_1.1.0.202305231506/tools/bin/../lib/gcc/arm-none-eabi/11.3.1/../../../../arm-none-eabi/lib/thumb/v7e-m+dp/hard\libc_nano.a(libc_a-memmove.o)
                0x000000000800cb6c                memmove
 .text.memset   0x000000000800cba0       0x10 C:/ST/STM32CubeIDE_1.13.0/STM32CubeIDE/plugins/com.st.stm32cube.ide.mcu.externaltools.gnu-tools-for-stm32.11.3.rel1.win32_1.1.0.202305231506/tools/bin/../lib/gcc/arm-none-eabi/11.3.1/../../../../arm-none-eabi/lib/thumb/v7e-m+dp/hard\libc_nano.a(libc_a-memset.o)
                0x000000000800cba0                memset
 .text._close_r
                0x000000000800cbb0       0x20 C:/ST/STM32CubeIDE_1.13.0/STM32CubeIDE/plugins/com.st.stm32cube.ide.mcu.externaltools.gnu-tools-for-stm32.11.3.rel1.win32_1.1.0.202305231506/tools/bin/../lib/gcc/arm-none-eabi/11.3.1/../../../../arm-none-eabi/lib/thumb/v7e-m+dp/hard\libc_nano.a(libc_a-closer.o)
                0x000000000800cbb0                _close_r
 .text._lseek_r
                0x000000000800cbd0       0x24 C:/ST/STM32CubeIDE_1.13.0/STM32CubeIDE/plugins/com.st.stm32cube.ide.mcu.externaltools.gnu-tools-for-stm32.11.3.rel1.win32_1.1.0.202305231506/tools/bin/../lib/gcc/arm-none-eabi/11.3.1/../../../../arm-none-eabi/lib/thumb/v7e-m+dp/hard\libc_nano.a(libc_a-lseekr.o)
                0x000000000800cbd0                _lseek_r
 .text._read_r  0x000000000800cbf4       0x24 C:/ST/STM32CubeIDE_1.13.0/STM32CubeIDE/plugins/com.st.stm32cube.ide.mcu.externaltools.gnu-tools-for-stm32.11.3.rel1.win32_1.1.0.202305231506/tools/bin/../lib/gcc/arm-none-eabi/11.3.1/../../../../arm-none-eabi/lib/thumb/v7e-m+dp/hard\libc_nano.a(libc_a-readr.o)
                0x000000000800cbf4                _read_r
 .text._sbrk_r  0x000000000800cc18       0x20 C:/ST/STM32CubeIDE_1.13.0/STM32CubeIDE/plugins/com.st.stm32cube.ide.mcu.externaltools.gnu-tools-for-stm32.11.3.rel1.win32_1.1.0.202305231506/tools/bin/../lib/gcc/arm-none-eabi/11.3.1/../../../../arm-none-eabi/lib/thumb/v7e-m+dp/hard\libc_nano.a(libc_a-sbrkr.o)
                0x000000000800cc18                _sbrk_r
 .text._write_r
                0x000000000800cc38       0x24 C:/ST/STM32CubeIDE_1.13.0/STM32CubeIDE/plugins/com.st.stm32cube.ide.mcu.externaltools.gnu-tools-for-stm32.11.3.rel1.win32_1.1.0.202305231506/tools/bin/../lib/gcc/arm-none-eabi/11.3.1/../../../../arm-none-eabi/lib/thumb/v7e-m+dp/hard\libc_nano.a(libc_a-writer.o)
                0x000000000800cc38                _write_r
 .text.__errno  0x000000000800cc5c        0xc C:/ST/STM32CubeIDE_1.13.0/STM32CubeIDE/plugins/com.st.stm32cube.ide.mcu.externaltools.gnu-tools-for-stm32.11.3.rel1.win32_1.1.0.202305231506/tools/bin/../lib/gcc/arm-none-eabi/11.3.1/../../../../arm-none-eabi/lib/thumb/v7e-m+dp/hard\libc_nano.a(libc_a-errno.o)
                0x000000000800cc5c                __errno
 .text.__libc_init_array
                0x000000000800cc68       0x48 C:/ST/STM32CubeIDE_1.13.0/STM32CubeIDE/plugins/com.st.stm32cube.ide.mcu.externaltools.gnu-tools-for-stm32.11.3.rel1.win32_1.1.0.202305231506/tools/bin/../lib/gcc/arm-none-eabi/11.3.1/../../../../arm-none-eabi/lib/thumb/v7e-m+dp/hard\libc_nano.a(libc_a-init.o)
                0x000000000800cc68                __libc_init_array
 .text.__retarget_lock_acquire_recursive
                0x000000000800ccb0        0x2 C:/ST/STM32CubeIDE_1.13.0/STM32CubeIDE/plugins/com.st.stm32cube.ide.mcu.externaltools.gnu-tools-for-stm32.11.3.rel1.win32_1.1.0.202305231506/tools/bin/../lib/gcc/arm-none-eabi/11.3.1/../../../../arm-none-eabi/lib/thumb/v7e-m+dp/hard\libc_nano.a(libc_a-lock.o)
                0x000000000800ccb0                __retarget_lock_acquire_recursive
 .text.__retarget_lock_release_recursive
                0x000000000800ccb2        0x2 C:/ST/STM32CubeIDE_1.13.0/STM32CubeIDE/plugins/com.st.stm32cube.ide.mcu.externaltools.gnu-tools-for-stm32.11.3.rel1.win32_1.1.0.202305231506/tools/bin/../lib/gcc/arm-none-eabi/11.3.1/../../../../arm-none-eabi/lib/thumb/v7e-m+dp/hard\libc_nano.a(libc_a-lock.o)
                0x000000000800ccb2                __retarget_lock_release_recursive
 .text.memcpy   0x000000000800ccb4       0x1c C:/ST/STM32CubeIDE_1.13.0/STM32CubeIDE/plugins/com.st.stm32cube.ide.mcu.externaltools.gnu-tools-for-stm32.11.3.rel1.win32_1.1.0.202305231506/tools/bin/../lib/gcc/arm-none-eabi/11.3.1/../../../../arm-none-eabi/lib/thumb/v7e-m+dp/hard\libc_nano.a(libc_a-memcpy-stub.o)
                0x000000000800ccb4                memcpy
 .text._free_r  0x000000000800ccd0       0x98 C:/ST/STM32CubeIDE_1.13.0/STM32CubeIDE/plugins/com.st.stm32cube.ide.mcu.externaltools.gnu-tools-for-stm32.11.3.rel1.win32_1.1.0.202305231506/tools/bin/../lib/gcc/arm-none-eabi/11.3.1/../../../../arm-none-eabi/lib/thumb/v7e-m+dp/hard\libc_nano.a(libc_a-freer.o)
                0x000000000800ccd0                _free_r
 .text.__sfputc_r
                0x000000000800cd68       0x2e C:/ST/STM32CubeIDE_1.13.0/STM32CubeIDE/plugins/com.st.stm32cube.ide.mcu.externaltools.gnu-tools-for-stm32.11.3.rel1.win32_1.1.0.202305231506/tools/bin/../lib/gcc/arm-none-eabi/11.3.1/../../../../arm-none-eabi/lib/thumb/v7e-m+dp/hard\libc_nano.a(libc_a-nano-vfprintf.o)
 .text.__sfputs_r
                0x000000000800cd96       0x24 C:/ST/STM32CubeIDE_1.13.0/STM32CubeIDE/plugins/com.st.stm32cube.ide.mcu.externaltools.gnu-tools-for-stm32.11.3.rel1.win32_1.1.0.202305231506/tools/bin/../lib/gcc/arm-none-eabi/11.3.1/../../../../arm-none-eabi/lib/thumb/v7e-m+dp/hard\libc_nano.a(libc_a-nano-vfprintf.o)
                0x000000000800cd96                __sfputs_r
 *fill*         0x000000000800cdba        0x2 
 .text._vfprintf_r
                0x000000000800cdbc      0x234 C:/ST/STM32CubeIDE_1.13.0/STM32CubeIDE/plugins/com.st.stm32cube.ide.mcu.externaltools.gnu-tools-for-stm32.11.3.rel1.win32_1.1.0.202305231506/tools/bin/../lib/gcc/arm-none-eabi/11.3.1/../../../../arm-none-eabi/lib/thumb/v7e-m+dp/hard\libc_nano.a(libc_a-nano-vfprintf.o)
                0x000000000800cdbc                _vfprintf_r
                0x000000000800cdbc                _vfiprintf_r
 .text._printf_common
                0x000000000800cff0       0xda C:/ST/STM32CubeIDE_1.13.0/STM32CubeIDE/plugins/com.st.stm32cube.ide.mcu.externaltools.gnu-tools-for-stm32.11.3.rel1.win32_1.1.0.202305231506/tools/bin/../lib/gcc/arm-none-eabi/11.3.1/../../../../arm-none-eabi/lib/thumb/v7e-m+dp/hard\libc_nano.a(libc_a-nano-vfprintf_i.o)
                0x000000000800cff0                _printf_common
 *fill*         0x000000000800d0ca        0x2 
 .text._printf_i
                0x000000000800d0cc      0x244 C:/ST/STM32CubeIDE_1.13.0/STM32CubeIDE/plugins/com.st.stm32cube.ide.mcu.externaltools.gnu-tools-for-stm32.11.3.rel1.win32_1.1.0.202305231506/tools/bin/../lib/gcc/arm-none-eabi/11.3.1/../../../../arm-none-eabi/lib/thumb/v7e-m+dp/hard\libc_nano.a(libc_a-nano-vfprintf_i.o)
                0x000000000800d0cc                _printf_i
 .text.__swhatbuf_r
                0x000000000800d310       0x4c C:/ST/STM32CubeIDE_1.13.0/STM32CubeIDE/plugins/com.st.stm32cube.ide.mcu.externaltools.gnu-tools-for-stm32.11.3.rel1.win32_1.1.0.202305231506/tools/bin/../lib/gcc/arm-none-eabi/11.3.1/../../../../arm-none-eabi/lib/thumb/v7e-m+dp/hard\libc_nano.a(libc_a-makebuf.o)
                0x000000000800d310                __swhatbuf_r
 .text.__smakebuf_r
                0x000000000800d35c       0x78 C:/ST/STM32CubeIDE_1.13.0/STM32CubeIDE/plugins/com.st.stm32cube.ide.mcu.externaltools.gnu-tools-for-stm32.11.3.rel1.win32_1.1.0.202305231506/tools/bin/../lib/gcc/arm-none-eabi/11.3.1/../../../../arm-none-eabi/lib/thumb/v7e-m+dp/hard\libc_nano.a(libc_a-makebuf.o)
                0x000000000800d35c                __smakebuf_r
 .text._fstat_r
                0x000000000800d3d4       0x24 C:/ST/STM32CubeIDE_1.13.0/STM32CubeIDE/plugins/com.st.stm32cube.ide.mcu.externaltools.gnu-tools-for-stm32.11.3.rel1.win32_1.1.0.202305231506/tools/bin/../lib/gcc/arm-none-eabi/11.3.1/../../../../arm-none-eabi/lib/thumb/v7e-m+dp/hard\libc_nano.a(libc_a-fstatr.o)
                0x000000000800d3d4                _fstat_r
 .text._isatty_r
                0x000000000800d3f8       0x20 C:/ST/STM32CubeIDE_1.13.0/STM32CubeIDE/plugins/com.st.stm32cube.ide.mcu.externaltools.gnu-tools-for-stm32.11.3.rel1.win32_1.1.0.202305231506/tools/bin/../lib/gcc/arm-none-eabi/11.3.1/../../../../arm-none-eabi/lib/thumb/v7e-m+dp/hard\libc_nano.a(libc_a-isattyr.o)
                0x000000000800d3f8                _isatty_r
 *(.glue_7)
 .glue_7        0x000000000800d418        0x0 linker stubs
 *(.glue_7t)
 .glue_7t       0x000000000800d418        0x0 linker stubs
 *(.eh_frame)
 .eh_frame      0x000000000800d418        0x0 C:/ST/STM32CubeIDE_1.13.0/STM32CubeIDE/plugins/com.st.stm32cube.ide.mcu.externaltools.gnu-tools-for-stm32.11.3.rel1.win32_1.1.0.202305231506/tools/bin/../lib/gcc/arm-none-eabi/11.3.1/thumb/v7e-m+dp/hard/crtbegin.o
 *(.init)
 .init          0x000000000800d418        0x4 C:/ST/STM32CubeIDE_1.13.0/STM32CubeIDE/plugins/com.st.stm32cube.ide.mcu.externaltools.gnu-tools-for-stm32.11.3.rel1.win32_1.1.0.202305231506/tools/bin/../lib/gcc/arm-none-eabi/11.3.1/thumb/v7e-m+dp/hard/crti.o
                0x000000000800d418                _init
 .init          0x000000000800d41c        0x8 C:/ST/STM32CubeIDE_1.13.0/STM32CubeIDE/plugins/com.st.stm32cube.ide.mcu.externaltools.gnu-tools-for-stm32.11.3.rel1.win32_1.1.0.202305231506/tools/bin/../lib/gcc/arm-none-eabi/11.3.1/thumb/v7e-m+dp/hard/crtn.o
 *(.fini)
 .fini          0x000000000800d424        0x4 C:/ST/STM32CubeIDE_1.13.0/STM32CubeIDE/plugins/com.st.stm32cube.ide.mcu.externaltools.gnu-tools-for-stm32.11.3.rel1.win32_1.1.0.202305231506/tools/bin/../lib/gcc/arm-none-eabi/11.3.1/thumb/v7e-m+dp/hard/crti.o
                0x000000000800d424                _fini
 .fini          0x000000000800d428        0x8 C:/ST/STM32CubeIDE_1.13.0/STM32CubeIDE/plugins/com.st.stm32cube.ide.mcu.externaltools.gnu-tools-for-stm32.11.3.rel1.win32_1.1.0.202305231506/tools/bin/../lib/gcc/arm-none-eabi/11.3.1/thumb/v7e-m+dp/hard/crtn.o
                0x000000000800d430                . = ALIGN (0x4)
                0x000000000800d430                _etext = .

.vfp11_veneer   0x000000000800d430        0x0
 .vfp11_veneer  0x000000000800d430        0x0 linker stubs

.v4_bx          0x000000000800d430        0x0
 .v4_bx         0x000000000800d430        0x0 linker stubs

.iplt           0x000000000800d430        0x0
 .iplt          0x000000000800d430        0x0 C:/ST/STM32CubeIDE_1.13.0/STM32CubeIDE/plugins/com.st.stm32cube.ide.mcu.externaltools.gnu-tools-for-stm32.11.3.rel1.win32_1.1.0.202305231506/tools/bin/../lib/gcc/arm-none-eabi/11.3.1/thumb/v7e-m+dp/hard/crtbegin.o

.rodata         0x000000000800d430    0x102b0
                0x000000000800d430                . = ALIGN (0x4)
 *(.rodata)
 .rodata        0x000000000800d430      0x1c5 ./Core/CANopenNode_STM32/CO_app_STM32.o
 *(.rodata*)
 *fill*         0x000000000800d5f5        0x3 
 .rodata.abortCodes.0
                0x000000000800d5f8       0x68 ./CANopenNode/301/CO_ODinterface.o
 .rodata.CO_LSS_bitTimingTableLookup
                0x000000000800d660       0x14 ./CANopenNode/305/CO_LSSslave.o
 .rodata.ODObjs
                0x000000000800d674      0x500 ./Core/CANopenNode_STM32/OD.o
 .rodata.datatest
                0x000000000800db74     0xfb28 ./Core/Src/main.o
                0x000000000800db74                datatest
 .rodata.AHBPrescTable
                0x000000000801d69c       0x10 ./Core/Src/system_stm32f7xx.o
                0x000000000801d69c                AHBPrescTable
 .rodata._vfprintf_r.str1.1
                0x000000000801d6ac       0x11 C:/ST/STM32CubeIDE_1.13.0/STM32CubeIDE/plugins/com.st.stm32cube.ide.mcu.externaltools.gnu-tools-for-stm32.11.3.rel1.win32_1.1.0.202305231506/tools/bin/../lib/gcc/arm-none-eabi/11.3.1/../../../../arm-none-eabi/lib/thumb/v7e-m+dp/hard\libc_nano.a(libc_a-nano-vfprintf.o)
 .rodata._printf_i.str1.1
                0x000000000801d6bd       0x22 C:/ST/STM32CubeIDE_1.13.0/STM32CubeIDE/plugins/com.st.stm32cube.ide.mcu.externaltools.gnu-tools-for-stm32.11.3.rel1.win32_1.1.0.202305231506/tools/bin/../lib/gcc/arm-none-eabi/11.3.1/../../../../arm-none-eabi/lib/thumb/v7e-m+dp/hard\libc_nano.a(libc_a-nano-vfprintf_i.o)
                0x000000000801d6e0                . = ALIGN (0x4)
 *fill*         0x000000000801d6df        0x1 

.ARM.extab      0x000000000801d6e0        0x0
                0x000000000801d6e0                . = ALIGN (0x4)
 *(.ARM.extab* .gnu.linkonce.armextab.*)
                0x000000000801d6e0                . = ALIGN (0x4)

.ARM            0x000000000801d6e0        0x8
                0x000000000801d6e0                . = ALIGN (0x4)
                0x000000000801d6e0                __exidx_start = .
 *(.ARM.exidx*)
 .ARM.exidx     0x000000000801d6e0        0x8 C:/ST/STM32CubeIDE_1.13.0/STM32CubeIDE/plugins/com.st.stm32cube.ide.mcu.externaltools.gnu-tools-for-stm32.11.3.rel1.win32_1.1.0.202305231506/tools/bin/../lib/gcc/arm-none-eabi/11.3.1/thumb/v7e-m+dp/hard\libgcc.a(_udivmoddi4.o)
                0x000000000801d6e8                __exidx_end = .
                0x000000000801d6e8                . = ALIGN (0x4)

.rel.dyn        0x000000000801d6e8        0x0
 .rel.iplt      0x000000000801d6e8        0x0 C:/ST/STM32CubeIDE_1.13.0/STM32CubeIDE/plugins/com.st.stm32cube.ide.mcu.externaltools.gnu-tools-for-stm32.11.3.rel1.win32_1.1.0.202305231506/tools/bin/../lib/gcc/arm-none-eabi/11.3.1/thumb/v7e-m+dp/hard/crtbegin.o

.preinit_array  0x000000000801d6e8        0x0
                0x000000000801d6e8                . = ALIGN (0x4)
                0x000000000801d6e8                PROVIDE (__preinit_array_start = .)
 *(.preinit_array*)
                0x000000000801d6e8                PROVIDE (__preinit_array_end = .)
                0x000000000801d6e8                . = ALIGN (0x4)

.init_array     0x000000000801d6e8        0x4
                0x000000000801d6e8                . = ALIGN (0x4)
                0x000000000801d6e8                PROVIDE (__init_array_start = .)
 *(SORT_BY_NAME(.init_array.*))
 *(.init_array*)
 .init_array    0x000000000801d6e8        0x4 C:/ST/STM32CubeIDE_1.13.0/STM32CubeIDE/plugins/com.st.stm32cube.ide.mcu.externaltools.gnu-tools-for-stm32.11.3.rel1.win32_1.1.0.202305231506/tools/bin/../lib/gcc/arm-none-eabi/11.3.1/thumb/v7e-m+dp/hard/crtbegin.o
                0x000000000801d6ec                PROVIDE (__init_array_end = .)
                0x000000000801d6ec                . = ALIGN (0x4)

.fini_array     0x000000000801d6ec        0x4
                0x000000000801d6ec                . = ALIGN (0x4)
                [!provide]                        PROVIDE (__fini_array_start = .)
 *(SORT_BY_NAME(.fini_array.*))
 *(.fini_array*)
 .fini_array    0x000000000801d6ec        0x4 C:/ST/STM32CubeIDE_1.13.0/STM32CubeIDE/plugins/com.st.stm32cube.ide.mcu.externaltools.gnu-tools-for-stm32.11.3.rel1.win32_1.1.0.202305231506/tools/bin/../lib/gcc/arm-none-eabi/11.3.1/thumb/v7e-m+dp/hard/crtbegin.o
                [!provide]                        PROVIDE (__fini_array_end = .)
                0x000000000801d6f0                . = ALIGN (0x4)
                0x000000000801d6f0                _sidata = LOADADDR (.data)

.data           0x0000000020000000      0x3c8 load address 0x000000000801d6f0
                0x0000000020000000                . = ALIGN (0x4)
                0x0000000020000000                _sdata = .
 *(.data)
 *(.data*)
 .data.OD_PERSIST_COMM
                0x0000000020000000      0x170 ./Core/CANopenNode_STM32/OD.o
                0x0000000020000000                OD_PERSIST_COMM
 .data.OD_RAM   0x0000000020000170       0x34 ./Core/CANopenNode_STM32/OD.o
                0x0000000020000170                OD_RAM
 .data.ODList   0x00000000200001a4      0x1b0 ./Core/CANopenNode_STM32/OD.o
 .data._OD      0x0000000020000354        0x8 ./Core/CANopenNode_STM32/OD.o
 .data.OD       0x000000002000035c        0x4 ./Core/CANopenNode_STM32/OD.o
                0x000000002000035c                OD
 .data.SystemCoreClock
                0x0000000020000360        0x4 ./Core/Src/system_stm32f7xx.o
                0x0000000020000360                SystemCoreClock
 .data.uwTickPrio
                0x0000000020000364        0x4 ./Drivers/STM32F7xx_HAL_Driver/Src/stm32f7xx_hal.o
                0x0000000020000364                uwTickPrio
 .data.uwTickFreq
                0x0000000020000368        0x1 ./Drivers/STM32F7xx_HAL_Driver/Src/stm32f7xx_hal.o
                0x0000000020000368                uwTickFreq
 *fill*         0x0000000020000369        0x3 
 .data.__sglue  0x000000002000036c        0xc C:/ST/STM32CubeIDE_1.13.0/STM32CubeIDE/plugins/com.st.stm32cube.ide.mcu.externaltools.gnu-tools-for-stm32.11.3.rel1.win32_1.1.0.202305231506/tools/bin/../lib/gcc/arm-none-eabi/11.3.1/../../../../arm-none-eabi/lib/thumb/v7e-m+dp/hard\libc_nano.a(libc_a-findfp.o)
                0x000000002000036c                __sglue
 .data._impure_data
                0x0000000020000378       0x4c C:/ST/STM32CubeIDE_1.13.0/STM32CubeIDE/plugins/com.st.stm32cube.ide.mcu.externaltools.gnu-tools-for-stm32.11.3.rel1.win32_1.1.0.202305231506/tools/bin/../lib/gcc/arm-none-eabi/11.3.1/../../../../arm-none-eabi/lib/thumb/v7e-m+dp/hard\libc_nano.a(libc_a-impure.o)
                0x0000000020000378                _impure_data
 .data._impure_ptr
                0x00000000200003c4        0x4 C:/ST/STM32CubeIDE_1.13.0/STM32CubeIDE/plugins/com.st.stm32cube.ide.mcu.externaltools.gnu-tools-for-stm32.11.3.rel1.win32_1.1.0.202305231506/tools/bin/../lib/gcc/arm-none-eabi/11.3.1/../../../../arm-none-eabi/lib/thumb/v7e-m+dp/hard\libc_nano.a(libc_a-impure.o)
                0x00000000200003c4                _impure_ptr
 *(.RamFunc)
 *(.RamFunc*)
                0x00000000200003c8                . = ALIGN (0x4)
                0x00000000200003c8                _edata = .

.igot.plt       0x00000000200003c8        0x0 load address 0x000000000801dab8
 .igot.plt      0x00000000200003c8        0x0 C:/ST/STM32CubeIDE_1.13.0/STM32CubeIDE/plugins/com.st.stm32cube.ide.mcu.externaltools.gnu-tools-for-stm32.11.3.rel1.win32_1.1.0.202305231506/tools/bin/../lib/gcc/arm-none-eabi/11.3.1/thumb/v7e-m+dp/hard/crtbegin.o
                0x00000000200003c8                . = ALIGN (0x4)

.bss            0x00000000200003c8     0xfdb4 load address 0x000000000801dab8
                0x00000000200003c8                _sbss = .
                0x00000000200003c8                __bss_start__ = _sbss
 *(.bss)
 .bss           0x00000000200003c8       0x1c C:/ST/STM32CubeIDE_1.13.0/STM32CubeIDE/plugins/com.st.stm32cube.ide.mcu.externaltools.gnu-tools-for-stm32.11.3.rel1.win32_1.1.0.202305231506/tools/bin/../lib/gcc/arm-none-eabi/11.3.1/thumb/v7e-m+dp/hard/crtbegin.o
 *(.bss*)
 .bss.canopenNodeSTM32
                0x00000000200003e4        0x4 ./Core/CANopenNode_STM32/CO_app_STM32.o
                0x00000000200003e4                canopenNodeSTM32
 .bss.CO        0x00000000200003e8        0x4 ./Core/CANopenNode_STM32/CO_app_STM32.o
                0x00000000200003e8                CO
 .bss.LED_red   0x00000000200003ec        0x1 ./Core/CANopenNode_STM32/CO_app_STM32.o
                0x00000000200003ec                LED_red
 .bss.LED_green
                0x00000000200003ed        0x1 ./Core/CANopenNode_STM32/CO_app_STM32.o
                0x00000000200003ed                LED_green
 *fill*         0x00000000200003ee        0x2 
 .bss.time_old  0x00000000200003f0        0x4 ./Core/CANopenNode_STM32/CO_app_STM32.o
                0x00000000200003f0                time_old
 .bss.time_current
                0x00000000200003f4        0x4 ./Core/CANopenNode_STM32/CO_app_STM32.o
                0x00000000200003f4                time_current
 .bss.err       0x00000000200003f8        0x1 ./Core/CANopenNode_STM32/CO_app_STM32.o
                0x00000000200003f8                err
 *fill*         0x00000000200003f9        0x3 
 .bss.CANModule_local
                0x00000000200003fc        0x4 ./Core/CANopenNode_STM32/CO_driver_STM32.o
 .bss.tx_hdr.1  0x0000000020000400       0x18 ./Core/CANopenNode_STM32/CO_driver_STM32.o
 .bss.rx_hdr.0  0x0000000020000418       0x1c ./Core/CANopenNode_STM32/CO_driver_STM32.o
 .bss.m1        0x0000000020000434        0x4 ./Core/Src/main.o
                0x0000000020000434                m1
 .bss.m2        0x0000000020000438        0x4 ./Core/Src/main.o
                0x0000000020000438                m2
 .bss.m3        0x000000002000043c        0x4 ./Core/Src/main.o
                0x000000002000043c                m3
 .bss.m4        0x0000000020000440        0x4 ./Core/Src/main.o
                0x0000000020000440                m4
 .bss.m5        0x0000000020000444        0x4 ./Core/Src/main.o
                0x0000000020000444                m5
 .bss.m6        0x0000000020000448        0x4 ./Core/Src/main.o
                0x0000000020000448                m6
 .bss.next_pos  0x000000002000044c        0x4 ./Core/Src/main.o
                0x000000002000044c                next_pos
 .bss.prev_pos  0x0000000020000450        0x4 ./Core/Src/main.o
                0x0000000020000450                prev_pos
 .bss.i         0x0000000020000454        0x4 ./Core/Src/main.o
                0x0000000020000454                i
 .bss.j         0x0000000020000458        0x4 ./Core/Src/main.o
                0x0000000020000458                j
 .bss.datatestpulse
                0x000000002000045c     0xfb28 ./Core/Src/main.o
                0x000000002000045c                datatestpulse
 .bss.vel       0x000000002000ff84        0x4 ./Core/Src/main.o
                0x000000002000ff84                vel
 .bss.hcan1     0x000000002000ff88       0x28 ./Core/Src/main.o
                0x000000002000ff88                hcan1
 .bss.hcan2     0x000000002000ffb0       0x28 ./Core/Src/main.o
                0x000000002000ffb0                hcan2
 .bss.htim14    0x000000002000ffd8       0x4c ./Core/Src/main.o
                0x000000002000ffd8                htim14
 .bss.HAL_RCC_CAN1_CLK_ENABLED
                0x0000000020010024        0x4 ./Core/Src/stm32f7xx_hal_msp.o
 .bss.__sbrk_heap_end
                0x0000000020010028        0x4 ./Core/Src/sysmem.o
 .bss.uwTick    0x000000002001002c        0x4 ./Drivers/STM32F7xx_HAL_Driver/Src/stm32f7xx_hal.o
                0x000000002001002c                uwTick
 .bss.__malloc_free_list
                0x0000000020010030        0x4 C:/ST/STM32CubeIDE_1.13.0/STM32CubeIDE/plugins/com.st.stm32cube.ide.mcu.externaltools.gnu-tools-for-stm32.11.3.rel1.win32_1.1.0.202305231506/tools/bin/../lib/gcc/arm-none-eabi/11.3.1/../../../../arm-none-eabi/lib/thumb/v7e-m+dp/hard\libc_nano.a(libc_a-mallocr.o)
                0x0000000020010030                __malloc_free_list
 .bss.__malloc_sbrk_start
                0x0000000020010034        0x4 C:/ST/STM32CubeIDE_1.13.0/STM32CubeIDE/plugins/com.st.stm32cube.ide.mcu.externaltools.gnu-tools-for-stm32.11.3.rel1.win32_1.1.0.202305231506/tools/bin/../lib/gcc/arm-none-eabi/11.3.1/../../../../arm-none-eabi/lib/thumb/v7e-m+dp/hard\libc_nano.a(libc_a-mallocr.o)
                0x0000000020010034                __malloc_sbrk_start
 .bss.__sf      0x0000000020010038      0x138 C:/ST/STM32CubeIDE_1.13.0/STM32CubeIDE/plugins/com.st.stm32cube.ide.mcu.externaltools.gnu-tools-for-stm32.11.3.rel1.win32_1.1.0.202305231506/tools/bin/../lib/gcc/arm-none-eabi/11.3.1/../../../../arm-none-eabi/lib/thumb/v7e-m+dp/hard\libc_nano.a(libc_a-findfp.o)
                0x0000000020010038                __sf
 .bss.__stdio_exit_handler
                0x0000000020010170        0x4 C:/ST/STM32CubeIDE_1.13.0/STM32CubeIDE/plugins/com.st.stm32cube.ide.mcu.externaltools.gnu-tools-for-stm32.11.3.rel1.win32_1.1.0.202305231506/tools/bin/../lib/gcc/arm-none-eabi/11.3.1/../../../../arm-none-eabi/lib/thumb/v7e-m+dp/hard\libc_nano.a(libc_a-findfp.o)
                0x0000000020010170                __stdio_exit_handler
 .bss.errno     0x0000000020010174        0x4 C:/ST/STM32CubeIDE_1.13.0/STM32CubeIDE/plugins/com.st.stm32cube.ide.mcu.externaltools.gnu-tools-for-stm32.11.3.rel1.win32_1.1.0.202305231506/tools/bin/../lib/gcc/arm-none-eabi/11.3.1/../../../../arm-none-eabi/lib/thumb/v7e-m+dp/hard\libc_nano.a(libc_a-reent.o)
                0x0000000020010174                errno
 .bss.__lock___malloc_recursive_mutex
                0x0000000020010178        0x1 C:/ST/STM32CubeIDE_1.13.0/STM32CubeIDE/plugins/com.st.stm32cube.ide.mcu.externaltools.gnu-tools-for-stm32.11.3.rel1.win32_1.1.0.202305231506/tools/bin/../lib/gcc/arm-none-eabi/11.3.1/../../../../arm-none-eabi/lib/thumb/v7e-m+dp/hard\libc_nano.a(libc_a-lock.o)
                0x0000000020010178                __lock___malloc_recursive_mutex
 .bss.__lock___sfp_recursive_mutex
                0x0000000020010179        0x1 C:/ST/STM32CubeIDE_1.13.0/STM32CubeIDE/plugins/com.st.stm32cube.ide.mcu.externaltools.gnu-tools-for-stm32.11.3.rel1.win32_1.1.0.202305231506/tools/bin/../lib/gcc/arm-none-eabi/11.3.1/../../../../arm-none-eabi/lib/thumb/v7e-m+dp/hard\libc_nano.a(libc_a-lock.o)
                0x0000000020010179                __lock___sfp_recursive_mutex
 *(COMMON)
                0x000000002001017c                . = ALIGN (0x4)
 *fill*         0x000000002001017a        0x2 
                0x000000002001017c                _ebss = .
                0x000000002001017c                __bss_end__ = _ebss

._user_heap_stack
                0x000000002001017c      0x604 load address 0x000000000801dab8
                0x0000000020010180                . = ALIGN (0x8)
 *fill*         0x000000002001017c        0x4 
                [!provide]                        PROVIDE (end = .)
                0x0000000020010180                PROVIDE (_end = .)
                0x0000000020010380                . = (. + _Min_Heap_Size)
 *fill*         0x0000000020010180      0x200 
                0x0000000020010780                . = (. + _Min_Stack_Size)
 *fill*         0x0000000020010380      0x400 
                0x0000000020010780                . = ALIGN (0x8)

/DISCARD/
 libc.a(*)
 libm.a(*)
 libgcc.a(*)

.ARM.attributes
                0x0000000000000000       0x2e
 *(.ARM.attributes)
 .ARM.attributes
                0x0000000000000000       0x1e C:/ST/STM32CubeIDE_1.13.0/STM32CubeIDE/plugins/com.st.stm32cube.ide.mcu.externaltools.gnu-tools-for-stm32.11.3.rel1.win32_1.1.0.202305231506/tools/bin/../lib/gcc/arm-none-eabi/11.3.1/thumb/v7e-m+dp/hard/crti.o
 .ARM.attributes
                0x000000000000001e       0x32 C:/ST/STM32CubeIDE_1.13.0/STM32CubeIDE/plugins/com.st.stm32cube.ide.mcu.externaltools.gnu-tools-for-stm32.11.3.rel1.win32_1.1.0.202305231506/tools/bin/../lib/gcc/arm-none-eabi/11.3.1/thumb/v7e-m+dp/hard/crtbegin.o
 .ARM.attributes
                0x0000000000000050       0x32 ./CANopenNode/301/CO_Emergency.o
 .ARM.attributes
                0x0000000000000082       0x32 ./CANopenNode/301/CO_HBconsumer.o
 .ARM.attributes
                0x00000000000000b4       0x32 ./CANopenNode/301/CO_NMT_Heartbeat.o
 .ARM.attributes
                0x00000000000000e6       0x32 ./CANopenNode/301/CO_ODinterface.o
 .ARM.attributes
                0x0000000000000118       0x32 ./CANopenNode/301/CO_PDO.o
 .ARM.attributes
                0x000000000000014a       0x32 ./CANopenNode/301/CO_SDOclient.o
 .ARM.attributes
                0x000000000000017c       0x32 ./CANopenNode/301/CO_SDOserver.o
 .ARM.attributes
                0x00000000000001ae       0x32 ./CANopenNode/301/CO_SYNC.o
 .ARM.attributes
                0x00000000000001e0       0x32 ./CANopenNode/301/CO_TIME.o
 .ARM.attributes
                0x0000000000000212       0x32 ./CANopenNode/301/CO_fifo.o
 .ARM.attributes
                0x0000000000000244       0x32 ./CANopenNode/303/CO_LEDs.o
 .ARM.attributes
                0x0000000000000276       0x32 ./CANopenNode/305/CO_LSSslave.o
 .ARM.attributes
                0x00000000000002a8       0x32 ./CANopenNode/CANopen.o
 .ARM.attributes
                0x00000000000002da       0x32 ./Core/CANopenNode_STM32/CO_app_STM32.o
 .ARM.attributes
                0x000000000000030c       0x32 ./Core/CANopenNode_STM32/CO_driver_STM32.o
 .ARM.attributes
                0x000000000000033e       0x32 ./Core/CANopenNode_STM32/OD.o
 .ARM.attributes
                0x0000000000000370       0x32 ./Core/Src/main.o
 .ARM.attributes
                0x00000000000003a2       0x32 ./Core/Src/stm32f7xx_hal_msp.o
 .ARM.attributes
                0x00000000000003d4       0x32 ./Core/Src/stm32f7xx_it.o
 .ARM.attributes
                0x0000000000000406       0x32 ./Core/Src/syscalls.o
 .ARM.attributes
                0x0000000000000438       0x32 ./Core/Src/sysmem.o
 .ARM.attributes
                0x000000000000046a       0x32 ./Core/Src/system_stm32f7xx.o
 .ARM.attributes
                0x000000000000049c       0x21 ./Core/Startup/startup_stm32f767vitx.o
 .ARM.attributes
                0x00000000000004bd       0x32 ./Drivers/STM32F7xx_HAL_Driver/Src/stm32f7xx_hal.o
 .ARM.attributes
                0x00000000000004ef       0x32 ./Drivers/STM32F7xx_HAL_Driver/Src/stm32f7xx_hal_can.o
 .ARM.attributes
                0x0000000000000521       0x32 ./Drivers/STM32F7xx_HAL_Driver/Src/stm32f7xx_hal_cortex.o
 .ARM.attributes
                0x0000000000000553       0x32 ./Drivers/STM32F7xx_HAL_Driver/Src/stm32f7xx_hal_gpio.o
 .ARM.attributes
                0x0000000000000585       0x32 ./Drivers/STM32F7xx_HAL_Driver/Src/stm32f7xx_hal_rcc.o
 .ARM.attributes
                0x00000000000005b7       0x32 ./Drivers/STM32F7xx_HAL_Driver/Src/stm32f7xx_hal_tim.o
 .ARM.attributes
                0x00000000000005e9       0x32 ./Drivers/STM32F7xx_HAL_Driver/Src/stm32f7xx_hal_tim_ex.o
 .ARM.attributes
                0x000000000000061b       0x32 C:/ST/STM32CubeIDE_1.13.0/STM32CubeIDE/plugins/com.st.stm32cube.ide.mcu.externaltools.gnu-tools-for-stm32.11.3.rel1.win32_1.1.0.202305231506/tools/bin/../lib/gcc/arm-none-eabi/11.3.1/../../../../arm-none-eabi/lib/thumb/v7e-m+dp/hard\libc_nano.a(libc_a-calloc.o)
 .ARM.attributes
                0x000000000000064d       0x32 C:/ST/STM32CubeIDE_1.13.0/STM32CubeIDE/plugins/com.st.stm32cube.ide.mcu.externaltools.gnu-tools-for-stm32.11.3.rel1.win32_1.1.0.202305231506/tools/bin/../lib/gcc/arm-none-eabi/11.3.1/../../../../arm-none-eabi/lib/thumb/v7e-m+dp/hard\libc_nano.a(libc_a-callocr.o)
 .ARM.attributes
                0x000000000000067f       0x32 C:/ST/STM32CubeIDE_1.13.0/STM32CubeIDE/plugins/com.st.stm32cube.ide.mcu.externaltools.gnu-tools-for-stm32.11.3.rel1.win32_1.1.0.202305231506/tools/bin/../lib/gcc/arm-none-eabi/11.3.1/../../../../arm-none-eabi/lib/thumb/v7e-m+dp/hard\libc_nano.a(libc_a-malloc.o)
 .ARM.attributes
                0x00000000000006b1       0x32 C:/ST/STM32CubeIDE_1.13.0/STM32CubeIDE/plugins/com.st.stm32cube.ide.mcu.externaltools.gnu-tools-for-stm32.11.3.rel1.win32_1.1.0.202305231506/tools/bin/../lib/gcc/arm-none-eabi/11.3.1/../../../../arm-none-eabi/lib/thumb/v7e-m+dp/hard\libc_nano.a(libc_a-mallocr.o)
 .ARM.attributes
                0x00000000000006e3       0x32 C:/ST/STM32CubeIDE_1.13.0/STM32CubeIDE/plugins/com.st.stm32cube.ide.mcu.externaltools.gnu-tools-for-stm32.11.3.rel1.win32_1.1.0.202305231506/tools/bin/../lib/gcc/arm-none-eabi/11.3.1/../../../../arm-none-eabi/lib/thumb/v7e-m+dp/hard\libc_nano.a(libc_a-mlock.o)
 .ARM.attributes
                0x0000000000000715       0x32 C:/ST/STM32CubeIDE_1.13.0/STM32CubeIDE/plugins/com.st.stm32cube.ide.mcu.externaltools.gnu-tools-for-stm32.11.3.rel1.win32_1.1.0.202305231506/tools/bin/../lib/gcc/arm-none-eabi/11.3.1/../../../../arm-none-eabi/lib/thumb/v7e-m+dp/hard\libc_nano.a(libc_a-fflush.o)
 .ARM.attributes
                0x0000000000000747       0x32 C:/ST/STM32CubeIDE_1.13.0/STM32CubeIDE/plugins/com.st.stm32cube.ide.mcu.externaltools.gnu-tools-for-stm32.11.3.rel1.win32_1.1.0.202305231506/tools/bin/../lib/gcc/arm-none-eabi/11.3.1/../../../../arm-none-eabi/lib/thumb/v7e-m+dp/hard\libc_nano.a(libc_a-findfp.o)
 .ARM.attributes
                0x0000000000000779       0x32 C:/ST/STM32CubeIDE_1.13.0/STM32CubeIDE/plugins/com.st.stm32cube.ide.mcu.externaltools.gnu-tools-for-stm32.11.3.rel1.win32_1.1.0.202305231506/tools/bin/../lib/gcc/arm-none-eabi/11.3.1/../../../../arm-none-eabi/lib/thumb/v7e-m+dp/hard\libc_nano.a(libc_a-fwalk.o)
 .ARM.attributes