../Core/Src/stm32f7xx_it.c:71:6:NMI_Handler	4	static
../Core/Src/stm32f7xx_it.c:86:6:HardFault_Handler	4	static
../Core/Src/stm32f7xx_it.c:101:6:MemManage_Handler	4	static
../Core/Src/stm32f7xx_it.c:116:6:BusFault_Handler	4	static
../Core/Src/stm32f7xx_it.c:131:6:UsageFault_Handler	4	static
../Core/Src/stm32f7xx_it.c:146:6:SVC_Handler	4	static
../Core/Src/stm32f7xx_it.c:159:6:DebugMon_Handler	4	static
../Core/Src/stm32f7xx_it.c:172:6:PendSV_Handler	4	static
../Core/Src/stm32f7xx_it.c:185:6:SysTick_Handler	8	static
../Core/Src/stm32f7xx_it.c:206:6:RCC_IRQHandler	4	static
../Core/Src/stm32f7xx_it.c:219:6:CAN1_TX_IRQHandler	8	static
../Core/Src/stm32f7xx_it.c:233:6:CAN1_RX0_IRQHandler	8	static
../Core/Src/stm32f7xx_it.c:247:6:CAN1_RX1_IRQHandler	8	static
../Core/Src/stm32f7xx_it.c:261:6:CAN1_SCE_IRQHandler	8	static
../Core/Src/stm32f7xx_it.c:275:6:TIM8_TRG_COM_TIM14_IRQHandler	8	static
../Core/Src/stm32f7xx_it.c:289:6:CAN2_TX_IRQHandler	8	static
../Core/Src/stm32f7xx_it.c:303:6:CAN2_RX0_IRQHandler	8	static
../Core/Src/stm32f7xx_it.c:317:6:CAN2_RX1_IRQHandler	8	static
../Core/Src/stm32f7xx_it.c:331:6:CAN2_SCE_IRQHandler	8	static
